Component: ARM Compiler 5.06 update 5 (build 528) Tool: armlink [4d35e2]

==============================================================================

Section Cross References

    project.o(i.main) refers to sysctl.o(i.SysCtlClockSet) for SysCtlClockSet
    project.o(i.main) refers to sysctl.o(i.SysCtlPeripheralEnable) for SysCtlPeripheralEnable
    project.o(i.main) refers to sysctl.o(i.SysCtlPeripheralReset) for SysCtlPeripheralReset
    project.o(i.main) refers to gpio_helper.o(i.GPIOSetup) for GPIOSetup
    project.o(i.main) refers to uart_helper.o(i.UART_setup) for UART_setup
    project.o(i.main) refers to adc_helper.o(i.SetupADCPins) for SetupADCPins
    project.o(i.main) refers to adc_helper.o(i.SetupADC) for SetupADC
    project.o(i.main) refers to pwm_helper.o(i.SetupPWM) for SetupPWM
    project.o(i.main) refers to sysctl.o(i.SysCtlPeripheralReady) for SysCtlPeripheralReady
    project.o(i.main) refers to adc_helper.o(i.ADCReadString1) for ADCReadString1
    startup_rvmdk.o(RESET) refers to startup_rvmdk.o(STACK) for StackMem
    startup_rvmdk.o(RESET) refers to entry.o(.ARM.Collect$$$$00000000) for __main
    adc_helper.o(i.ADCReadString1) refers to adc.o(i.ADCProcessorTrigger) for ADCProcessorTrigger
    adc_helper.o(i.ADCReadString1) refers to adc.o(i.ADCBusy) for ADCBusy
    adc_helper.o(i.ADCReadString1) refers to adc.o(i.ADCSequenceDataGet) for ADCSequenceDataGet
    adc_helper.o(i.ADCReadString1) refers to pwm_helper.o(i.SetUpPWM0HZ) for SetUpPWM0HZ
    adc_helper.o(i.ADCReadString1) refers to pwm_helper.o(i.SetUpPWM82HZ) for SetUpPWM82HZ
    adc_helper.o(i.ADCReadString1) refers to gpio.o(i.GPIOPinWrite) for GPIOPinWrite
    adc_helper.o(i.ADCReadString1) refers to pwm_helper.o(i.SetUpPWM87HZ) for SetUpPWM87HZ
    adc_helper.o(i.ADCReadString1) refers to pwm_helper.o(i.SetUpPWM92HZ) for SetUpPWM92HZ
    adc_helper.o(i.ADCReadString1) refers to pwm_helper.o(i.SetUpPWM98HZ) for SetUpPWM98HZ
    adc_helper.o(i.ADCReadString1) refers to pwm_helper.o(i.SetUpPWM104HZ) for SetUpPWM104HZ
    adc_helper.o(i.ADCReadString1) refers to pwm_helper.o(i.SetUpPWM110HZ) for SetUpPWM110HZ
    adc_helper.o(i.ADCReadString1) refers to pwm_helper.o(i.SetUpPWM117HZ) for SetUpPWM117HZ
    adc_helper.o(i.ADCReadString1) refers to pwm_helper.o(i.SetUpPWM123HZ) for SetUpPWM123HZ
    adc_helper.o(i.ADCReadString1) refers to pwm_helper.o(i.SetUpPWM131HZ) for SetUpPWM131HZ
    adc_helper.o(i.ADCReadString1) refers to pwm_helper.o(i.SetUpPWM139HZ) for SetUpPWM139HZ
    adc_helper.o(i.ADCReadString1) refers to pwm_helper.o(i.SetUpPWM147HZ) for SetUpPWM147HZ
    adc_helper.o(i.ADCReadString1) refers to pwm_helper.o(i.SetUpPWM156HZ) for SetUpPWM156HZ
    adc_helper.o(i.ADCReadString1) refers to pwm_helper.o(i.SetUpPWM165HZ) for SetUpPWM165HZ
    adc_helper.o(i.ADCReadString1) refers to pwm_helper.o(i.SetUpPWM175HZ) for SetUpPWM175HZ
    adc_helper.o(i.ADCReadString1) refers to pwm_helper.o(i.SetUpPWM185HZ) for SetUpPWM185HZ
    adc_helper.o(i.SetupADC) refers to adc_helper.o(i.SetupADCPins) for SetupADCPins
    adc_helper.o(i.SetupADC) refers to sysctl.o(i.SysCtlPeripheralEnable) for SysCtlPeripheralEnable
    adc_helper.o(i.SetupADC) refers to sysctl.o(i.SysCtlPeripheralReady) for SysCtlPeripheralReady
    adc_helper.o(i.SetupADC) refers to adc.o(i.ADCReferenceSet) for ADCReferenceSet
    adc_helper.o(i.SetupADC) refers to adc.o(i.ADCSequenceDisable) for ADCSequenceDisable
    adc_helper.o(i.SetupADC) refers to adc.o(i.ADCSequenceConfigure) for ADCSequenceConfigure
    adc_helper.o(i.SetupADC) refers to adc.o(i.ADCSequenceStepConfigure) for ADCSequenceStepConfigure
    adc_helper.o(i.SetupADC) refers to adc.o(i.ADCSequenceEnable) for ADCSequenceEnable
    adc_helper.o(i.SetupADCPins) refers to gpio.o(i.GPIOPinTypeADC) for GPIOPinTypeADC
    gpio_helper.o(i.GPIOSetup) refers to sysctl.o(i.SysCtlPeripheralEnable) for SysCtlPeripheralEnable
    gpio_helper.o(i.GPIOSetup) refers to gpio.o(i.GPIOPinTypeGPIOOutput) for GPIOPinTypeGPIOOutput
    gpio_helper.o(i.GPIOSetup) refers to gpio.o(i.GPIOPinTypeGPIOInput) for GPIOPinTypeGPIOInput
    gpio_helper.o(i.GPIOSetup) refers to gpio.o(i.GPIODirModeSet) for GPIODirModeSet
    gpio_helper.o(i.GPIOSetup) refers to gpio.o(i.GPIOPadConfigSet) for GPIOPadConfigSet
    gpio_helper.o(i.TurnOnLEDs) refers to gpio.o(i.GPIOPinWrite) for GPIOPinWrite
    gpio_helper.o(i.TurnOnLEDs2) refers to gpio.o(i.GPIOPinWrite) for GPIOPinWrite
    gpio_helper.o(i.UpdateMyButtons) refers to gpio.o(i.GPIOPinRead) for GPIOPinRead
    gpio_helper.o(i.UpdateMyButtons) refers to gpio_helper.o(.data) for MyButtons
    pwm_helper.o(i.SetUpPWM0HZ) refers to pwm.o(i.PWMGenPeriodSet) for PWMGenPeriodSet
    pwm_helper.o(i.SetUpPWM0HZ) refers to pwm.o(i.PWMPulseWidthSet) for PWMPulseWidthSet
    pwm_helper.o(i.SetUpPWM104HZ) refers to pwm.o(i.PWMGenPeriodSet) for PWMGenPeriodSet
    pwm_helper.o(i.SetUpPWM104HZ) refers to pwm.o(i.PWMPulseWidthSet) for PWMPulseWidthSet
    pwm_helper.o(i.SetUpPWM110HZ) refers to pwm.o(i.PWMGenPeriodSet) for PWMGenPeriodSet
    pwm_helper.o(i.SetUpPWM110HZ) refers to pwm.o(i.PWMPulseWidthSet) for PWMPulseWidthSet
    pwm_helper.o(i.SetUpPWM117HZ) refers to pwm.o(i.PWMGenPeriodSet) for PWMGenPeriodSet
    pwm_helper.o(i.SetUpPWM117HZ) refers to pwm.o(i.PWMPulseWidthSet) for PWMPulseWidthSet
    pwm_helper.o(i.SetUpPWM123HZ) refers to pwm.o(i.PWMGenPeriodSet) for PWMGenPeriodSet
    pwm_helper.o(i.SetUpPWM123HZ) refers to pwm.o(i.PWMPulseWidthSet) for PWMPulseWidthSet
    pwm_helper.o(i.SetUpPWM131HZ) refers to pwm.o(i.PWMGenPeriodSet) for PWMGenPeriodSet
    pwm_helper.o(i.SetUpPWM131HZ) refers to pwm.o(i.PWMPulseWidthSet) for PWMPulseWidthSet
    pwm_helper.o(i.SetUpPWM139HZ) refers to pwm.o(i.PWMGenPeriodSet) for PWMGenPeriodSet
    pwm_helper.o(i.SetUpPWM139HZ) refers to pwm.o(i.PWMPulseWidthSet) for PWMPulseWidthSet
    pwm_helper.o(i.SetUpPWM147HZ) refers to pwm.o(i.PWMGenPeriodSet) for PWMGenPeriodSet
    pwm_helper.o(i.SetUpPWM147HZ) refers to pwm.o(i.PWMPulseWidthSet) for PWMPulseWidthSet
    pwm_helper.o(i.SetUpPWM156HZ) refers to pwm.o(i.PWMGenPeriodSet) for PWMGenPeriodSet
    pwm_helper.o(i.SetUpPWM156HZ) refers to pwm.o(i.PWMPulseWidthSet) for PWMPulseWidthSet
    pwm_helper.o(i.SetUpPWM165HZ) refers to pwm.o(i.PWMGenPeriodSet) for PWMGenPeriodSet
    pwm_helper.o(i.SetUpPWM165HZ) refers to pwm.o(i.PWMPulseWidthSet) for PWMPulseWidthSet
    pwm_helper.o(i.SetUpPWM175HZ) refers to pwm.o(i.PWMGenPeriodSet) for PWMGenPeriodSet
    pwm_helper.o(i.SetUpPWM175HZ) refers to pwm.o(i.PWMPulseWidthSet) for PWMPulseWidthSet
    pwm_helper.o(i.SetUpPWM185HZ) refers to pwm.o(i.PWMGenPeriodSet) for PWMGenPeriodSet
    pwm_helper.o(i.SetUpPWM185HZ) refers to pwm.o(i.PWMPulseWidthSet) for PWMPulseWidthSet
    pwm_helper.o(i.SetUpPWM196HZ) refers to pwm.o(i.PWMGenPeriodSet) for PWMGenPeriodSet
    pwm_helper.o(i.SetUpPWM196HZ) refers to pwm.o(i.PWMPulseWidthSet) for PWMPulseWidthSet
    pwm_helper.o(i.SetUpPWM208HZ) refers to pwm.o(i.PWMGenPeriodSet) for PWMGenPeriodSet
    pwm_helper.o(i.SetUpPWM208HZ) refers to pwm.o(i.PWMPulseWidthSet) for PWMPulseWidthSet
    pwm_helper.o(i.SetUpPWM300HZ) refers to pwm.o(i.PWMGenPeriodSet) for PWMGenPeriodSet
    pwm_helper.o(i.SetUpPWM300HZ) refers to pwm.o(i.PWMPulseWidthSet) for PWMPulseWidthSet
    pwm_helper.o(i.SetUpPWM400HZ) refers to pwm.o(i.PWMGenPeriodSet) for PWMGenPeriodSet
    pwm_helper.o(i.SetUpPWM400HZ) refers to pwm.o(i.PWMPulseWidthSet) for PWMPulseWidthSet
    pwm_helper.o(i.SetUpPWM500HZ) refers to pwm.o(i.PWMGenPeriodSet) for PWMGenPeriodSet
    pwm_helper.o(i.SetUpPWM500HZ) refers to pwm.o(i.PWMPulseWidthSet) for PWMPulseWidthSet
    pwm_helper.o(i.SetUpPWM82HZ) refers to pwm.o(i.PWMGenPeriodSet) for PWMGenPeriodSet
    pwm_helper.o(i.SetUpPWM82HZ) refers to pwm.o(i.PWMPulseWidthSet) for PWMPulseWidthSet
    pwm_helper.o(i.SetUpPWM87HZ) refers to pwm.o(i.PWMGenPeriodSet) for PWMGenPeriodSet
    pwm_helper.o(i.SetUpPWM87HZ) refers to pwm.o(i.PWMPulseWidthSet) for PWMPulseWidthSet
    pwm_helper.o(i.SetUpPWM92HZ) refers to pwm.o(i.PWMGenPeriodSet) for PWMGenPeriodSet
    pwm_helper.o(i.SetUpPWM92HZ) refers to pwm.o(i.PWMPulseWidthSet) for PWMPulseWidthSet
    pwm_helper.o(i.SetUpPWM98HZ) refers to pwm.o(i.PWMGenPeriodSet) for PWMGenPeriodSet
    pwm_helper.o(i.SetUpPWM98HZ) refers to pwm.o(i.PWMPulseWidthSet) for PWMPulseWidthSet
    pwm_helper.o(i.SetupPWM) refers to sysctl.o(i.SysCtlPWMClockSet) for SysCtlPWMClockSet
    pwm_helper.o(i.SetupPWM) refers to sysctl.o(i.SysCtlPeripheralEnable) for SysCtlPeripheralEnable
    pwm_helper.o(i.SetupPWM) refers to sysctl.o(i.SysCtlPeripheralReady) for SysCtlPeripheralReady
    pwm_helper.o(i.SetupPWM) refers to gpio.o(i.GPIOPinConfigure) for GPIOPinConfigure
    pwm_helper.o(i.SetupPWM) refers to gpio.o(i.GPIOPinTypePWM) for GPIOPinTypePWM
    pwm_helper.o(i.SetupPWM) refers to pwm.o(i.PWMGenConfigure) for PWMGenConfigure
    pwm_helper.o(i.SetupPWM) refers to pwm.o(i.PWMGenEnable) for PWMGenEnable
    pwm_helper.o(i.SetupPWM) refers to pwm.o(i.PWMOutputState) for PWMOutputState
    uart_helper.o(i.UART_setup) refers to sysctl.o(i.SysCtlPeripheralEnable) for SysCtlPeripheralEnable
    uart_helper.o(i.UART_setup) refers to gpio.o(i.GPIOPinTypeUART) for GPIOPinTypeUART
    uart_helper.o(i.UART_setup) refers to gpio.o(i.GPIOPinConfigure) for GPIOPinConfigure
    uart_helper.o(i.UART_setup) refers to sysctl.o(i.SysCtlClockGet) for SysCtlClockGet
    uart_helper.o(i.UART_setup) refers to uart.o(i.UARTConfigSetExpClk) for UARTConfigSetExpClk
    uart_helper.o(i.fgetc) refers to uart_helper.o(i.Mander) for Mander
    uart_helper.o(i.fputc) refers to uart_helper.o(i.UART_OutChar) for UART_OutChar
    uart_helper.o(i.print_menu) refers to printf2.o(i.__0printf$2) for __2printf
    uart_helper.o(i.process_UART) refers to uart.o(i.UARTCharGet) for UARTCharGet
    uart_helper.o(i.process_UART) refers to printf2.o(i.__0printf$2) for __2printf
    adc.o(i.ADCIntRegister) refers to interrupt.o(i.IntRegister) for IntRegister
    adc.o(i.ADCIntRegister) refers to interrupt.o(i.IntEnable) for IntEnable
    adc.o(i.ADCIntUnregister) refers to interrupt.o(i.IntDisable) for IntDisable
    adc.o(i.ADCIntUnregister) refers to interrupt.o(i.IntUnregister) for IntUnregister
    adc.o(i.ADCSoftwareOversampleConfigure) refers to adc.o(.data) for .data
    adc.o(i.ADCSoftwareOversampleDataGet) refers to adc.o(.data) for .data
    adc.o(i.ADCSoftwareOversampleStepConfigure) refers to adc.o(.data) for .data
    gpio.o(i.GPIOIntRegister) refers to gpio.o(i._GPIOIntNumberGet) for _GPIOIntNumberGet
    gpio.o(i.GPIOIntRegister) refers to interrupt.o(i.IntRegister) for IntRegister
    gpio.o(i.GPIOIntRegister) refers to interrupt.o(i.IntEnable) for IntEnable
    gpio.o(i.GPIOIntRegisterPin) refers to gpio.o(i._GPIOIntNumberGet) for _GPIOIntNumberGet
    gpio.o(i.GPIOIntRegisterPin) refers to interrupt.o(i.IntRegister) for IntRegister
    gpio.o(i.GPIOIntRegisterPin) refers to interrupt.o(i.IntEnable) for IntEnable
    gpio.o(i.GPIOIntUnregister) refers to gpio.o(i._GPIOIntNumberGet) for _GPIOIntNumberGet
    gpio.o(i.GPIOIntUnregister) refers to interrupt.o(i.IntDisable) for IntDisable
    gpio.o(i.GPIOIntUnregister) refers to interrupt.o(i.IntUnregister) for IntUnregister
    gpio.o(i.GPIOIntUnregisterPin) refers to gpio.o(i._GPIOIntNumberGet) for _GPIOIntNumberGet
    gpio.o(i.GPIOIntUnregisterPin) refers to interrupt.o(i.IntDisable) for IntDisable
    gpio.o(i.GPIOIntUnregisterPin) refers to interrupt.o(i.IntUnregister) for IntUnregister
    gpio.o(i.GPIOPinConfigure) refers to gpio.o(.constdata) for .constdata
    gpio.o(i.GPIOPinTypeADC) refers to gpio.o(i.GPIODirModeSet) for GPIODirModeSet
    gpio.o(i.GPIOPinTypeADC) refers to gpio.o(i.GPIOPadConfigSet) for GPIOPadConfigSet
    gpio.o(i.GPIOPinTypeCAN) refers to gpio.o(i.GPIODirModeSet) for GPIODirModeSet
    gpio.o(i.GPIOPinTypeCAN) refers to gpio.o(i.GPIOPadConfigSet) for GPIOPadConfigSet
    gpio.o(i.GPIOPinTypeComparator) refers to gpio.o(i.GPIODirModeSet) for GPIODirModeSet
    gpio.o(i.GPIOPinTypeComparator) refers to gpio.o(i.GPIOPadConfigSet) for GPIOPadConfigSet
    gpio.o(i.GPIOPinTypeComparatorOutput) refers to gpio.o(i.GPIODirModeSet) for GPIODirModeSet
    gpio.o(i.GPIOPinTypeComparatorOutput) refers to gpio.o(i.GPIOPadConfigSet) for GPIOPadConfigSet
    gpio.o(i.GPIOPinTypeDIVSCLK) refers to gpio.o(i.GPIODirModeSet) for GPIODirModeSet
    gpio.o(i.GPIOPinTypeDIVSCLK) refers to gpio.o(i.GPIOPadConfigSet) for GPIOPadConfigSet
    gpio.o(i.GPIOPinTypeEPI) refers to gpio.o(i.GPIODirModeSet) for GPIODirModeSet
    gpio.o(i.GPIOPinTypeEPI) refers to gpio.o(i.GPIOPadConfigSet) for GPIOPadConfigSet
    gpio.o(i.GPIOPinTypeEthernetLED) refers to gpio.o(i.GPIODirModeSet) for GPIODirModeSet
    gpio.o(i.GPIOPinTypeEthernetLED) refers to gpio.o(i.GPIOPadConfigSet) for GPIOPadConfigSet
    gpio.o(i.GPIOPinTypeEthernetMII) refers to gpio.o(i.GPIODirModeSet) for GPIODirModeSet
    gpio.o(i.GPIOPinTypeEthernetMII) refers to gpio.o(i.GPIOPadConfigSet) for GPIOPadConfigSet
    gpio.o(i.GPIOPinTypeGPIOInput) refers to gpio.o(i.GPIODirModeSet) for GPIODirModeSet
    gpio.o(i.GPIOPinTypeGPIOInput) refers to gpio.o(i.GPIOPadConfigSet) for GPIOPadConfigSet
    gpio.o(i.GPIOPinTypeGPIOOutput) refers to gpio.o(i.GPIOPadConfigSet) for GPIOPadConfigSet
    gpio.o(i.GPIOPinTypeGPIOOutput) refers to gpio.o(i.GPIODirModeSet) for GPIODirModeSet
    gpio.o(i.GPIOPinTypeGPIOOutputOD) refers to gpio.o(i.GPIOPadConfigSet) for GPIOPadConfigSet
    gpio.o(i.GPIOPinTypeGPIOOutputOD) refers to gpio.o(i.GPIODirModeSet) for GPIODirModeSet
    gpio.o(i.GPIOPinTypeHibernateRTCCLK) refers to gpio.o(i.GPIODirModeSet) for GPIODirModeSet
    gpio.o(i.GPIOPinTypeHibernateRTCCLK) refers to gpio.o(i.GPIOPadConfigSet) for GPIOPadConfigSet
    gpio.o(i.GPIOPinTypeI2C) refers to gpio.o(i.GPIODirModeSet) for GPIODirModeSet
    gpio.o(i.GPIOPinTypeI2C) refers to gpio.o(i.GPIOPadConfigSet) for GPIOPadConfigSet
    gpio.o(i.GPIOPinTypeI2CSCL) refers to gpio.o(i.GPIODirModeSet) for GPIODirModeSet
    gpio.o(i.GPIOPinTypeI2CSCL) refers to gpio.o(i.GPIOPadConfigSet) for GPIOPadConfigSet
    gpio.o(i.GPIOPinTypeLCD) refers to gpio.o(i.GPIODirModeSet) for GPIODirModeSet
    gpio.o(i.GPIOPinTypeLCD) refers to gpio.o(i.GPIOPadConfigSet) for GPIOPadConfigSet
    gpio.o(i.GPIOPinTypeOneWire) refers to gpio.o(i.GPIODirModeSet) for GPIODirModeSet
    gpio.o(i.GPIOPinTypeOneWire) refers to gpio.o(i.GPIOPadConfigSet) for GPIOPadConfigSet
    gpio.o(i.GPIOPinTypePWM) refers to gpio.o(i.GPIODirModeSet) for GPIODirModeSet
    gpio.o(i.GPIOPinTypePWM) refers to gpio.o(i.GPIOPadConfigSet) for GPIOPadConfigSet
    gpio.o(i.GPIOPinTypeQEI) refers to gpio.o(i.GPIODirModeSet) for GPIODirModeSet
    gpio.o(i.GPIOPinTypeQEI) refers to gpio.o(i.GPIOPadConfigSet) for GPIOPadConfigSet
    gpio.o(i.GPIOPinTypeSSI) refers to gpio.o(i.GPIODirModeSet) for GPIODirModeSet
    gpio.o(i.GPIOPinTypeSSI) refers to gpio.o(i.GPIOPadConfigSet) for GPIOPadConfigSet
    gpio.o(i.GPIOPinTypeTimer) refers to gpio.o(i.GPIODirModeSet) for GPIODirModeSet
    gpio.o(i.GPIOPinTypeTimer) refers to gpio.o(i.GPIOPadConfigSet) for GPIOPadConfigSet
    gpio.o(i.GPIOPinTypeTrace) refers to gpio.o(i.GPIODirModeSet) for GPIODirModeSet
    gpio.o(i.GPIOPinTypeTrace) refers to gpio.o(i.GPIOPadConfigSet) for GPIOPadConfigSet
    gpio.o(i.GPIOPinTypeUART) refers to gpio.o(i.GPIODirModeSet) for GPIODirModeSet
    gpio.o(i.GPIOPinTypeUART) refers to gpio.o(i.GPIOPadConfigSet) for GPIOPadConfigSet
    gpio.o(i.GPIOPinTypeUSBAnalog) refers to gpio.o(i.GPIODirModeSet) for GPIODirModeSet
    gpio.o(i.GPIOPinTypeUSBAnalog) refers to gpio.o(i.GPIOPadConfigSet) for GPIOPadConfigSet
    gpio.o(i.GPIOPinTypeUSBDigital) refers to gpio.o(i.GPIODirModeSet) for GPIODirModeSet
    gpio.o(i.GPIOPinTypeUSBDigital) refers to gpio.o(i.GPIOPadConfigSet) for GPIOPadConfigSet
    gpio.o(i.GPIOPinTypeWakeHigh) refers to gpio.o(i.GPIODirModeSet) for GPIODirModeSet
    gpio.o(i.GPIOPinTypeWakeHigh) refers to gpio.o(i.GPIOPadConfigSet) for GPIOPadConfigSet
    gpio.o(i.GPIOPinTypeWakeLow) refers to gpio.o(i.GPIODirModeSet) for GPIODirModeSet
    gpio.o(i.GPIOPinTypeWakeLow) refers to gpio.o(i.GPIOPadConfigSet) for GPIOPadConfigSet
    gpio.o(i._GPIOIntNumberGet) refers to gpio.o(.constdata) for .constdata
    pwm.o(i.PWMFaultIntRegister) refers to interrupt.o(i.IntRegister) for IntRegister
    pwm.o(i.PWMFaultIntRegister) refers to interrupt.o(i.IntEnable) for IntEnable
    pwm.o(i.PWMFaultIntUnregister) refers to interrupt.o(i.IntDisable) for IntDisable
    pwm.o(i.PWMFaultIntUnregister) refers to interrupt.o(i.IntUnregister) for IntUnregister
    pwm.o(i.PWMGenIntRegister) refers to pwm.o(i._PWMGenIntNumberGet) for _PWMGenIntNumberGet
    pwm.o(i.PWMGenIntRegister) refers to interrupt.o(i.IntRegister) for IntRegister
    pwm.o(i.PWMGenIntRegister) refers to interrupt.o(i.IntEnable) for IntEnable
    pwm.o(i.PWMGenIntUnregister) refers to pwm.o(i._PWMGenIntNumberGet) for _PWMGenIntNumberGet
    pwm.o(i.PWMGenIntUnregister) refers to interrupt.o(i.IntDisable) for IntDisable
    pwm.o(i.PWMGenIntUnregister) refers to interrupt.o(i.IntUnregister) for IntUnregister
    sysctl.o(i.SysCtlClockFreqSet) refers to sysctl.o(.constdata) for .constdata
    sysctl.o(i.SysCtlClockGet) refers to sysctl.o(.constdata) for .constdata
    sysctl.o(i.SysCtlClockSet) refers to sysctl.o(.emb_text) for SysCtlDelay
    sysctl.o(i.SysCtlDeepSleep) refers to cpu.o(.emb_text) for CPUwfi
    sysctl.o(i.SysCtlIntRegister) refers to interrupt.o(i.IntRegister) for IntRegister
    sysctl.o(i.SysCtlIntRegister) refers to interrupt.o(i.IntEnable) for IntEnable
    sysctl.o(i.SysCtlIntUnregister) refers to interrupt.o(i.IntDisable) for IntDisable
    sysctl.o(i.SysCtlIntUnregister) refers to interrupt.o(i.IntUnregister) for IntUnregister
    sysctl.o(i.SysCtlSleep) refers to cpu.o(.emb_text) for CPUwfi
    sysctl.o(i.SysCtlVCOGet) refers to sysctl.o(.constdata) for .constdata
    uart.o(i.UARTIntRegister) refers to interrupt.o(i.IntRegister) for IntRegister
    uart.o(i.UARTIntRegister) refers to interrupt.o(i.IntEnable) for IntEnable
    uart.o(i.UARTIntRegister) refers to uart.o(.constdata) for .constdata
    uart.o(i.UARTIntUnregister) refers to interrupt.o(i.IntDisable) for IntDisable
    uart.o(i.UARTIntUnregister) refers to interrupt.o(i.IntUnregister) for IntUnregister
    uart.o(i.UARTIntUnregister) refers to uart.o(.constdata) for .constdata
    interrupt.o(i.IntDisable) refers to interrupt.o(.constdata) for .constdata
    interrupt.o(i.IntEnable) refers to interrupt.o(.constdata) for .constdata
    interrupt.o(i.IntIsEnabled) refers to interrupt.o(.constdata) for .constdata
    interrupt.o(i.IntMasterDisable) refers to cpu.o(.emb_text) for CPUcpsid
    interrupt.o(i.IntMasterEnable) refers to cpu.o(.emb_text) for CPUcpsie
    interrupt.o(i.IntPendClear) refers to interrupt.o(.constdata) for .constdata
    interrupt.o(i.IntPendSet) refers to interrupt.o(.constdata) for .constdata
    interrupt.o(i.IntPriorityGet) refers to interrupt.o(.constdata) for .constdata
    interrupt.o(i.IntPriorityGroupingGet) refers to interrupt.o(.constdata) for .constdata
    interrupt.o(i.IntPriorityGroupingSet) refers to interrupt.o(.constdata) for .constdata
    interrupt.o(i.IntPriorityMaskGet) refers to cpu.o(.emb_text) for CPUbasepriGet
    interrupt.o(i.IntPriorityMaskSet) refers to cpu.o(.emb_text) for CPUbasepriSet
    interrupt.o(i.IntPrioritySet) refers to interrupt.o(.constdata) for .constdata
    interrupt.o(i.IntRegister) refers to interrupt.o(vtable) for vtable
    interrupt.o(i.IntUnregister) refers to interrupt.o(i._IntDefaultHandler) for _IntDefaultHandler
    interrupt.o(i.IntUnregister) refers to interrupt.o(vtable) for vtable
    entry.o(.ARM.Collect$$$$00000000) refers (Special) to entry10a.o(.ARM.Collect$$$$0000000D) for __rt_final_cpp
    entry.o(.ARM.Collect$$$$00000000) refers (Special) to entry11a.o(.ARM.Collect$$$$0000000F) for __rt_final_exit
    entry.o(.ARM.Collect$$$$00000000) refers (Special) to entry7b.o(.ARM.Collect$$$$00000008) for _main_clock
    entry.o(.ARM.Collect$$$$00000000) refers (Special) to entry8b.o(.ARM.Collect$$$$0000000A) for _main_cpp_init
    entry.o(.ARM.Collect$$$$00000000) refers (Special) to entry9a.o(.ARM.Collect$$$$0000000B) for _main_init
    entry.o(.ARM.Collect$$$$00000000) refers (Special) to entry5.o(.ARM.Collect$$$$00000004) for _main_scatterload
    entry.o(.ARM.Collect$$$$00000000) refers (Special) to entry2.o(.ARM.Collect$$$$00000001) for _main_stk
    printfb.o(i.__0fprintf$bare) refers to printfb.o(i._printf_core) for _printf_core
    printfb.o(i.__0fprintf$bare) refers to uart_helper.o(i.fputc) for fputc
    printfb.o(i.__0printf$bare) refers to printfb.o(i._printf_core) for _printf_core
    printfb.o(i.__0printf$bare) refers to uart_helper.o(i.fputc) for fputc
    printfb.o(i.__0printf$bare) refers to stdout.o(.data) for __stdout
    printfb.o(i.__0snprintf$bare) refers to printfb.o(i._printf_core) for _printf_core
    printfb.o(i.__0snprintf$bare) refers to printfb.o(i._snputc) for _snputc
    printfb.o(i.__0sprintf$bare) refers to printfb.o(i._printf_core) for _printf_core
    printfb.o(i.__0sprintf$bare) refers to printfb.o(i._sputc) for _sputc
    printfb.o(i.__0vfprintf$bare) refers to printfb.o(i._printf_core) for _printf_core
    printfb.o(i.__0vfprintf$bare) refers to uart_helper.o(i.fputc) for fputc
    printfb.o(i.__0vprintf$bare) refers to printfb.o(i._printf_core) for _printf_core
    printfb.o(i.__0vprintf$bare) refers to uart_helper.o(i.fputc) for fputc
    printfb.o(i.__0vprintf$bare) refers to stdout.o(.data) for __stdout
    printfb.o(i.__0vsnprintf$bare) refers to printfb.o(i._printf_core) for _printf_core
    printfb.o(i.__0vsnprintf$bare) refers to printfb.o(i._snputc) for _snputc
    printfb.o(i.__0vsprintf$bare) refers to printfb.o(i._printf_core) for _printf_core
    printfb.o(i.__0vsprintf$bare) refers to printfb.o(i._sputc) for _sputc
    printf0.o(i.__0fprintf$0) refers to printf0.o(i._printf_core) for _printf_core
    printf0.o(i.__0fprintf$0) refers to uart_helper.o(i.fputc) for fputc
    printf0.o(i.__0printf$0) refers to printf0.o(i._printf_core) for _printf_core
    printf0.o(i.__0printf$0) refers to uart_helper.o(i.fputc) for fputc
    printf0.o(i.__0printf$0) refers to stdout.o(.data) for __stdout
    printf0.o(i.__0snprintf$0) refers to printf0.o(i._printf_core) for _printf_core
    printf0.o(i.__0snprintf$0) refers to printf0.o(i._snputc) for _snputc
    printf0.o(i.__0sprintf$0) refers to printf0.o(i._printf_core) for _printf_core
    printf0.o(i.__0sprintf$0) refers to printf0.o(i._sputc) for _sputc
    printf0.o(i.__0vfprintf$0) refers to printf0.o(i._printf_core) for _printf_core
    printf0.o(i.__0vfprintf$0) refers to uart_helper.o(i.fputc) for fputc
    printf0.o(i.__0vprintf$0) refers to printf0.o(i._printf_core) for _printf_core
    printf0.o(i.__0vprintf$0) refers to uart_helper.o(i.fputc) for fputc
    printf0.o(i.__0vprintf$0) refers to stdout.o(.data) for __stdout
    printf0.o(i.__0vsnprintf$0) refers to printf0.o(i._printf_core) for _printf_core
    printf0.o(i.__0vsnprintf$0) refers to printf0.o(i._snputc) for _snputc
    printf0.o(i.__0vsprintf$0) refers to printf0.o(i._printf_core) for _printf_core
    printf0.o(i.__0vsprintf$0) refers to printf0.o(i._sputc) for _sputc
    printf1.o(i.__0fprintf$1) refers to printf1.o(i._printf_core) for _printf_core
    printf1.o(i.__0fprintf$1) refers to uart_helper.o(i.fputc) for fputc
    printf1.o(i.__0printf$1) refers to printf1.o(i._printf_core) for _printf_core
    printf1.o(i.__0printf$1) refers to uart_helper.o(i.fputc) for fputc
    printf1.o(i.__0printf$1) refers to stdout.o(.data) for __stdout
    printf1.o(i.__0snprintf$1) refers to printf1.o(i._printf_core) for _printf_core
    printf1.o(i.__0snprintf$1) refers to printf1.o(i._snputc) for _snputc
    printf1.o(i.__0sprintf$1) refers to printf1.o(i._printf_core) for _printf_core
    printf1.o(i.__0sprintf$1) refers to printf1.o(i._sputc) for _sputc
    printf1.o(i.__0vfprintf$1) refers to printf1.o(i._printf_core) for _printf_core
    printf1.o(i.__0vfprintf$1) refers to uart_helper.o(i.fputc) for fputc
    printf1.o(i.__0vprintf$1) refers to printf1.o(i._printf_core) for _printf_core
    printf1.o(i.__0vprintf$1) refers to uart_helper.o(i.fputc) for fputc
    printf1.o(i.__0vprintf$1) refers to stdout.o(.data) for __stdout
    printf1.o(i.__0vsnprintf$1) refers to printf1.o(i._printf_core) for _printf_core
    printf1.o(i.__0vsnprintf$1) refers to printf1.o(i._snputc) for _snputc
    printf1.o(i.__0vsprintf$1) refers to printf1.o(i._printf_core) for _printf_core
    printf1.o(i.__0vsprintf$1) refers to printf1.o(i._sputc) for _sputc
    printf1.o(i._printf_core) refers to uidiv.o(.text) for __aeabi_uidivmod
    printf2.o(i.__0fprintf$2) refers to printf2.o(i._printf_core) for _printf_core
    printf2.o(i.__0fprintf$2) refers to uart_helper.o(i.fputc) for fputc
    printf2.o(i.__0printf$2) refers to printf2.o(i._printf_core) for _printf_core
    printf2.o(i.__0printf$2) refers to uart_helper.o(i.fputc) for fputc
    printf2.o(i.__0printf$2) refers to stdout.o(.data) for __stdout
    printf2.o(i.__0snprintf$2) refers to printf2.o(i._printf_core) for _printf_core
    printf2.o(i.__0snprintf$2) refers to printf2.o(i._snputc) for _snputc
    printf2.o(i.__0sprintf$2) refers to printf2.o(i._printf_core) for _printf_core
    printf2.o(i.__0sprintf$2) refers to printf2.o(i._sputc) for _sputc
    printf2.o(i.__0vfprintf$2) refers to printf2.o(i._printf_core) for _printf_core
    printf2.o(i.__0vfprintf$2) refers to uart_helper.o(i.fputc) for fputc
    printf2.o(i.__0vprintf$2) refers to printf2.o(i._printf_core) for _printf_core
    printf2.o(i.__0vprintf$2) refers to uart_helper.o(i.fputc) for fputc
    printf2.o(i.__0vprintf$2) refers to stdout.o(.data) for __stdout
    printf2.o(i.__0vsnprintf$2) refers to printf2.o(i._printf_core) for _printf_core
    printf2.o(i.__0vsnprintf$2) refers to printf2.o(i._snputc) for _snputc
    printf2.o(i.__0vsprintf$2) refers to printf2.o(i._printf_core) for _printf_core
    printf2.o(i.__0vsprintf$2) refers to printf2.o(i._sputc) for _sputc
    printf3.o(i.__0fprintf$3) refers to printf3.o(i._printf_core) for _printf_core
    printf3.o(i.__0fprintf$3) refers to uart_helper.o(i.fputc) for fputc
    printf3.o(i.__0printf$3) refers to printf3.o(i._printf_core) for _printf_core
    printf3.o(i.__0printf$3) refers to uart_helper.o(i.fputc) for fputc
    printf3.o(i.__0printf$3) refers to stdout.o(.data) for __stdout
    printf3.o(i.__0snprintf$3) refers to printf3.o(i._printf_core) for _printf_core
    printf3.o(i.__0snprintf$3) refers to printf3.o(i._snputc) for _snputc
    printf3.o(i.__0sprintf$3) refers to printf3.o(i._printf_core) for _printf_core
    printf3.o(i.__0sprintf$3) refers to printf3.o(i._sputc) for _sputc
    printf3.o(i.__0vfprintf$3) refers to printf3.o(i._printf_core) for _printf_core
    printf3.o(i.__0vfprintf$3) refers to uart_helper.o(i.fputc) for fputc
    printf3.o(i.__0vprintf$3) refers to printf3.o(i._printf_core) for _printf_core
    printf3.o(i.__0vprintf$3) refers to uart_helper.o(i.fputc) for fputc
    printf3.o(i.__0vprintf$3) refers to stdout.o(.data) for __stdout
    printf3.o(i.__0vsnprintf$3) refers to printf3.o(i._printf_core) for _printf_core
    printf3.o(i.__0vsnprintf$3) refers to printf3.o(i._snputc) for _snputc
    printf3.o(i.__0vsprintf$3) refers to printf3.o(i._printf_core) for _printf_core
    printf3.o(i.__0vsprintf$3) refers to printf3.o(i._sputc) for _sputc
    printf3.o(i._printf_core) refers to uidiv.o(.text) for __aeabi_uidivmod
    printf4.o(i.__0fprintf$4) refers to printf4.o(i._printf_core) for _printf_core
    printf4.o(i.__0fprintf$4) refers to uart_helper.o(i.fputc) for fputc
    printf4.o(i.__0printf$4) refers to printf4.o(i._printf_core) for _printf_core
    printf4.o(i.__0printf$4) refers to uart_helper.o(i.fputc) for fputc
    printf4.o(i.__0printf$4) refers to stdout.o(.data) for __stdout
    printf4.o(i.__0snprintf$4) refers to printf4.o(i._printf_core) for _printf_core
    printf4.o(i.__0snprintf$4) refers to printf4.o(i._snputc) for _snputc
    printf4.o(i.__0sprintf$4) refers to printf4.o(i._printf_core) for _printf_core
    printf4.o(i.__0sprintf$4) refers to printf4.o(i._sputc) for _sputc
    printf4.o(i.__0vfprintf$4) refers to printf4.o(i._printf_core) for _printf_core
    printf4.o(i.__0vfprintf$4) refers to uart_helper.o(i.fputc) for fputc
    printf4.o(i.__0vprintf$4) refers to printf4.o(i._printf_core) for _printf_core
    printf4.o(i.__0vprintf$4) refers to uart_helper.o(i.fputc) for fputc
    printf4.o(i.__0vprintf$4) refers to stdout.o(.data) for __stdout
    printf4.o(i.__0vsnprintf$4) refers to printf4.o(i._printf_core) for _printf_core
    printf4.o(i.__0vsnprintf$4) refers to printf4.o(i._snputc) for _snputc
    printf4.o(i.__0vsprintf$4) refers to printf4.o(i._printf_core) for _printf_core
    printf4.o(i.__0vsprintf$4) refers to printf4.o(i._sputc) for _sputc
    printf4.o(i._printf_core) refers to uldiv.o(.text) for __aeabi_uldivmod
    printf5.o(i.__0fprintf$5) refers to printf5.o(i._printf_core) for _printf_core
    printf5.o(i.__0fprintf$5) refers to uart_helper.o(i.fputc) for fputc
    printf5.o(i.__0printf$5) refers to printf5.o(i._printf_core) for _printf_core
    printf5.o(i.__0printf$5) refers to uart_helper.o(i.fputc) for fputc
    printf5.o(i.__0printf$5) refers to stdout.o(.data) for __stdout
    printf5.o(i.__0snprintf$5) refers to printf5.o(i._printf_core) for _printf_core
    printf5.o(i.__0snprintf$5) refers to printf5.o(i._snputc) for _snputc
    printf5.o(i.__0sprintf$5) refers to printf5.o(i._printf_core) for _printf_core
    printf5.o(i.__0sprintf$5) refers to printf5.o(i._sputc) for _sputc
    printf5.o(i.__0vfprintf$5) refers to printf5.o(i._printf_core) for _printf_core
    printf5.o(i.__0vfprintf$5) refers to uart_helper.o(i.fputc) for fputc
    printf5.o(i.__0vprintf$5) refers to printf5.o(i._printf_core) for _printf_core
    printf5.o(i.__0vprintf$5) refers to uart_helper.o(i.fputc) for fputc
    printf5.o(i.__0vprintf$5) refers to stdout.o(.data) for __stdout
    printf5.o(i.__0vsnprintf$5) refers to printf5.o(i._printf_core) for _printf_core
    printf5.o(i.__0vsnprintf$5) refers to printf5.o(i._snputc) for _snputc
    printf5.o(i.__0vsprintf$5) refers to printf5.o(i._printf_core) for _printf_core
    printf5.o(i.__0vsprintf$5) refers to printf5.o(i._sputc) for _sputc
    printf5.o(i._printf_core) refers to uldiv.o(.text) for __aeabi_uldivmod
    printf6.o(i.__0fprintf$6) refers to printf6.o(i._printf_core) for _printf_core
    printf6.o(i.__0fprintf$6) refers to uart_helper.o(i.fputc) for fputc
    printf6.o(i.__0printf$6) refers to printf6.o(i._printf_core) for _printf_core
    printf6.o(i.__0printf$6) refers to uart_helper.o(i.fputc) for fputc
    printf6.o(i.__0printf$6) refers to stdout.o(.data) for __stdout
    printf6.o(i.__0snprintf$6) refers to printf6.o(i._printf_core) for _printf_core
    printf6.o(i.__0snprintf$6) refers to printf6.o(i._snputc) for _snputc
    printf6.o(i.__0sprintf$6) refers to printf6.o(i._printf_core) for _printf_core
    printf6.o(i.__0sprintf$6) refers to printf6.o(i._sputc) for _sputc
    printf6.o(i.__0vfprintf$6) refers to printf6.o(i._printf_core) for _printf_core
    printf6.o(i.__0vfprintf$6) refers to uart_helper.o(i.fputc) for fputc
    printf6.o(i.__0vprintf$6) refers to printf6.o(i._printf_core) for _printf_core
    printf6.o(i.__0vprintf$6) refers to uart_helper.o(i.fputc) for fputc
    printf6.o(i.__0vprintf$6) refers to stdout.o(.data) for __stdout
    printf6.o(i.__0vsnprintf$6) refers to printf6.o(i._printf_core) for _printf_core
    printf6.o(i.__0vsnprintf$6) refers to printf6.o(i._snputc) for _snputc
    printf6.o(i.__0vsprintf$6) refers to printf6.o(i._printf_core) for _printf_core
    printf6.o(i.__0vsprintf$6) refers to printf6.o(i._sputc) for _sputc
    printf6.o(i._printf_core) refers to printf6.o(i._printf_pre_padding) for _printf_pre_padding
    printf6.o(i._printf_core) refers to uidiv.o(.text) for __aeabi_uidivmod
    printf6.o(i._printf_core) refers to printf6.o(i._printf_post_padding) for _printf_post_padding
    printf7.o(i.__0fprintf$7) refers to printf7.o(i._printf_core) for _printf_core
    printf7.o(i.__0fprintf$7) refers to uart_helper.o(i.fputc) for fputc
    printf7.o(i.__0printf$7) refers to printf7.o(i._printf_core) for _printf_core
    printf7.o(i.__0printf$7) refers to uart_helper.o(i.fputc) for fputc
    printf7.o(i.__0printf$7) refers to stdout.o(.data) for __stdout
    printf7.o(i.__0snprintf$7) refers to printf7.o(i._printf_core) for _printf_core
    printf7.o(i.__0snprintf$7) refers to printf7.o(i._snputc) for _snputc
    printf7.o(i.__0sprintf$7) refers to printf7.o(i._printf_core) for _printf_core
    printf7.o(i.__0sprintf$7) refers to printf7.o(i._sputc) for _sputc
    printf7.o(i.__0vfprintf$7) refers to printf7.o(i._printf_core) for _printf_core
    printf7.o(i.__0vfprintf$7) refers to uart_helper.o(i.fputc) for fputc
    printf7.o(i.__0vprintf$7) refers to printf7.o(i._printf_core) for _printf_core
    printf7.o(i.__0vprintf$7) refers to uart_helper.o(i.fputc) for fputc
    printf7.o(i.__0vprintf$7) refers to stdout.o(.data) for __stdout
    printf7.o(i.__0vsnprintf$7) refers to printf7.o(i._printf_core) for _printf_core
    printf7.o(i.__0vsnprintf$7) refers to printf7.o(i._snputc) for _snputc
    printf7.o(i.__0vsprintf$7) refers to printf7.o(i._printf_core) for _printf_core
    printf7.o(i.__0vsprintf$7) refers to printf7.o(i._sputc) for _sputc
    printf7.o(i._printf_core) refers to printf7.o(i._printf_pre_padding) for _printf_pre_padding
    printf7.o(i._printf_core) refers to uldiv.o(.text) for __aeabi_uldivmod
    printf7.o(i._printf_core) refers to printf7.o(i._printf_post_padding) for _printf_post_padding
    printf8.o(i.__0fprintf$8) refers to printf8.o(i._printf_core) for _printf_core
    printf8.o(i.__0fprintf$8) refers to uart_helper.o(i.fputc) for fputc
    printf8.o(i.__0printf$8) refers to printf8.o(i._printf_core) for _printf_core
    printf8.o(i.__0printf$8) refers to uart_helper.o(i.fputc) for fputc
    printf8.o(i.__0printf$8) refers to stdout.o(.data) for __stdout
    printf8.o(i.__0snprintf$8) refers to printf8.o(i._printf_core) for _printf_core
    printf8.o(i.__0snprintf$8) refers to printf8.o(i._snputc) for _snputc
    printf8.o(i.__0sprintf$8) refers to printf8.o(i._printf_core) for _printf_core
    printf8.o(i.__0sprintf$8) refers to printf8.o(i._sputc) for _sputc
    printf8.o(i.__0vfprintf$8) refers to printf8.o(i._printf_core) for _printf_core
    printf8.o(i.__0vfprintf$8) refers to uart_helper.o(i.fputc) for fputc
    printf8.o(i.__0vprintf$8) refers to printf8.o(i._printf_core) for _printf_core
    printf8.o(i.__0vprintf$8) refers to uart_helper.o(i.fputc) for fputc
    printf8.o(i.__0vprintf$8) refers to stdout.o(.data) for __stdout
    printf8.o(i.__0vsnprintf$8) refers to printf8.o(i._printf_core) for _printf_core
    printf8.o(i.__0vsnprintf$8) refers to printf8.o(i._snputc) for _snputc
    printf8.o(i.__0vsprintf$8) refers to printf8.o(i._printf_core) for _printf_core
    printf8.o(i.__0vsprintf$8) refers to printf8.o(i._sputc) for _sputc
    printf8.o(i._printf_core) refers to printf8.o(i._printf_pre_padding) for _printf_pre_padding
    printf8.o(i._printf_core) refers to uldiv.o(.text) for __aeabi_uldivmod
    printf8.o(i._printf_core) refers to printf8.o(i._printf_post_padding) for _printf_post_padding
    printfa.o(i.__0fprintf) refers (Special) to iusefp.o(.text) for __I$use$fp
    printfa.o(i.__0fprintf) refers to printfa.o(i._printf_core) for _printf_core
    printfa.o(i.__0fprintf) refers to uart_helper.o(i.fputc) for fputc
    printfa.o(i.__0printf) refers (Special) to iusefp.o(.text) for __I$use$fp
    printfa.o(i.__0printf) refers to printfa.o(i._printf_core) for _printf_core
    printfa.o(i.__0printf) refers to uart_helper.o(i.fputc) for fputc
    printfa.o(i.__0printf) refers to stdout.o(.data) for __stdout
    printfa.o(i.__0snprintf) refers (Special) to iusefp.o(.text) for __I$use$fp
    printfa.o(i.__0snprintf) refers to printfa.o(i._printf_core) for _printf_core
    printfa.o(i.__0snprintf) refers to printfa.o(i._snputc) for _snputc
    printfa.o(i.__0sprintf) refers (Special) to iusefp.o(.text) for __I$use$fp
    printfa.o(i.__0sprintf) refers to printfa.o(i._printf_core) for _printf_core
    printfa.o(i.__0sprintf) refers to printfa.o(i._sputc) for _sputc
    printfa.o(i.__0vfprintf) refers (Special) to iusefp.o(.text) for __I$use$fp
    printfa.o(i.__0vfprintf) refers to printfa.o(i._printf_core) for _printf_core
    printfa.o(i.__0vfprintf) refers to uart_helper.o(i.fputc) for fputc
    printfa.o(i.__0vprintf) refers (Special) to iusefp.o(.text) for __I$use$fp
    printfa.o(i.__0vprintf) refers to printfa.o(i._printf_core) for _printf_core
    printfa.o(i.__0vprintf) refers to uart_helper.o(i.fputc) for fputc
    printfa.o(i.__0vprintf) refers to stdout.o(.data) for __stdout
    printfa.o(i.__0vsnprintf) refers (Special) to iusefp.o(.text) for __I$use$fp
    printfa.o(i.__0vsnprintf) refers to printfa.o(i._printf_core) for _printf_core
    printfa.o(i.__0vsnprintf) refers to printfa.o(i._snputc) for _snputc
    printfa.o(i.__0vsprintf) refers (Special) to iusefp.o(.text) for __I$use$fp
    printfa.o(i.__0vsprintf) refers to printfa.o(i._printf_core) for _printf_core
    printfa.o(i.__0vsprintf) refers to printfa.o(i._sputc) for _sputc
    printfa.o(i._fp_digits) refers (Special) to iusefp.o(.text) for __I$use$fp
    printfa.o(i._fp_digits) refers to dmul.o(.text) for __aeabi_dmul
    printfa.o(i._fp_digits) refers to ddiv.o(.text) for __aeabi_ddiv
    printfa.o(i._fp_digits) refers to cdrcmple.o(.text) for __aeabi_cdrcmple
    printfa.o(i._fp_digits) refers to dadd.o(.text) for __aeabi_dadd
    printfa.o(i._fp_digits) refers to dfixul.o(.text) for __aeabi_d2ulz
    printfa.o(i._fp_digits) refers to uldiv.o(.text) for __aeabi_uldivmod
    printfa.o(i._printf_core) refers (Special) to iusefp.o(.text) for __I$use$fp
    printfa.o(i._printf_core) refers to printfa.o(i._printf_pre_padding) for _printf_pre_padding
    printfa.o(i._printf_core) refers to uldiv.o(.text) for __aeabi_uldivmod
    printfa.o(i._printf_core) refers to printfa.o(i._printf_post_padding) for _printf_post_padding
    printfa.o(i._printf_core) refers to printfa.o(i._fp_digits) for _fp_digits
    printfa.o(i._printf_core) refers to uidiv.o(.text) for __aeabi_uidivmod
    printfa.o(i._printf_post_padding) refers (Special) to iusefp.o(.text) for __I$use$fp
    printfa.o(i._printf_pre_padding) refers (Special) to iusefp.o(.text) for __I$use$fp
    printfa.o(i._snputc) refers (Special) to iusefp.o(.text) for __I$use$fp
    printfa.o(i._sputc) refers (Special) to iusefp.o(.text) for __I$use$fp
    entry2.o(.ARM.Collect$$$$00000001) refers to entry2.o(.ARM.Collect$$$$00002712) for __lit__00000000
    entry2.o(.ARM.Collect$$$$00002712) refers to startup_rvmdk.o(STACK) for __initial_sp
    entry2.o(__vectab_stack_and_reset_area) refers to startup_rvmdk.o(STACK) for __initial_sp
    entry2.o(__vectab_stack_and_reset_area) refers to entry.o(.ARM.Collect$$$$00000000) for __main
    entry5.o(.ARM.Collect$$$$00000004) refers to init.o(.text) for __scatterload
    entry9a.o(.ARM.Collect$$$$0000000B) refers to project.o(i.main) for main
    entry9b.o(.ARM.Collect$$$$0000000C) refers to project.o(i.main) for main
    uldiv.o(.text) refers to llushr.o(.text) for __aeabi_llsr
    uldiv.o(.text) refers to llshl.o(.text) for __aeabi_llsl
    dadd.o(.text) refers to llshl.o(.text) for __aeabi_llsl
    dadd.o(.text) refers to llsshr.o(.text) for __aeabi_lasr
    dadd.o(.text) refers to depilogue.o(.text) for _double_epilogue
    dmul.o(.text) refers to depilogue.o(.text) for _double_epilogue
    ddiv.o(.text) refers to depilogue.o(.text) for _double_round
    dfixul.o(.text) refers to llushr.o(.text) for __aeabi_llsr
    dfixul.o(.text) refers to llshl.o(.text) for __aeabi_llsl
    init.o(.text) refers to entry5.o(.ARM.Collect$$$$00000004) for __main_after_scatterload
    depilogue.o(.text) refers to llshl.o(.text) for __aeabi_llsl
    depilogue.o(.text) refers to llushr.o(.text) for __aeabi_llsr


==============================================================================

Removing Unused input sections from the image.

    Removing startup_rvmdk.o(HEAP), (0 bytes).
    Removing startup_rvmdk.o(.text), (0 bytes).
    Removing adc_helper.o(.bss), (52 bytes).
    Removing gpio_helper.o(i.TurnOnLEDs), (532 bytes).
    Removing gpio_helper.o(i.TurnOnLEDs2), (352 bytes).
    Removing gpio_helper.o(i.UpdateMyButtons), (64 bytes).
    Removing gpio_helper.o(.data), (2 bytes).
    Removing pwm_helper.o(i.SetUpPWM196HZ), (32 bytes).
    Removing pwm_helper.o(i.SetUpPWM208HZ), (32 bytes).
    Removing pwm_helper.o(i.SetUpPWM300HZ), (32 bytes).
    Removing pwm_helper.o(i.SetUpPWM400HZ), (32 bytes).
    Removing pwm_helper.o(i.SetUpPWM500HZ), (32 bytes).
    Removing uart_helper.o(i.Mander), (28 bytes).
    Removing uart_helper.o(i.UART_OutChar), (24 bytes).
    Removing uart_helper.o(i.ferror), (6 bytes).
    Removing uart_helper.o(i.fgetc), (10 bytes).
    Removing uart_helper.o(i.fputc), (44 bytes).
    Removing uart_helper.o(i.print_menu), (108 bytes).
    Removing uart_helper.o(i.process_UART), (60 bytes).
    Removing adc.o(i.ADCClockConfigGet), (32 bytes).
    Removing adc.o(i.ADCClockConfigSet), (28 bytes).
    Removing adc.o(i.ADCComparatorConfigure), (10 bytes).
    Removing adc.o(i.ADCComparatorIntClear), (4 bytes).
    Removing adc.o(i.ADCComparatorIntDisable), (18 bytes).
    Removing adc.o(i.ADCComparatorIntEnable), (16 bytes).
    Removing adc.o(i.ADCComparatorIntStatus), (4 bytes).
    Removing adc.o(i.ADCComparatorRegionSet), (14 bytes).
    Removing adc.o(i.ADCComparatorReset), (40 bytes).
    Removing adc.o(i.ADCHardwareOversampleConfigure), (18 bytes).
    Removing adc.o(i.ADCIntClear), (10 bytes).
    Removing adc.o(i.ADCIntClearEx), (4 bytes).
    Removing adc.o(i.ADCIntDisable), (16 bytes).
    Removing adc.o(i.ADCIntDisableEx), (10 bytes).
    Removing adc.o(i.ADCIntEnable), (16 bytes).
    Removing adc.o(i.ADCIntEnableEx), (8 bytes).
    Removing adc.o(i.ADCIntRegister), (104 bytes).
    Removing adc.o(i.ADCIntStatus), (52 bytes).
    Removing adc.o(i.ADCIntStatusEx), (22 bytes).
    Removing adc.o(i.ADCIntUnregister), (108 bytes).
    Removing adc.o(i.ADCPhaseDelayGet), (4 bytes).
    Removing adc.o(i.ADCPhaseDelaySet), (4 bytes).
    Removing adc.o(i.ADCReferenceGet), (8 bytes).
    Removing adc.o(i.ADCSequenceDMADisable), (18 bytes).
    Removing adc.o(i.ADCSequenceDMAEnable), (16 bytes).
    Removing adc.o(i.ADCSequenceOverflow), (12 bytes).
    Removing adc.o(i.ADCSequenceOverflowClear), (10 bytes).
    Removing adc.o(i.ADCSequenceUnderflow), (12 bytes).
    Removing adc.o(i.ADCSequenceUnderflowClear), (10 bytes).
    Removing adc.o(i.ADCSoftwareOversampleConfigure), (44 bytes).
    Removing adc.o(i.ADCSoftwareOversampleDataGet), (88 bytes).
    Removing adc.o(i.ADCSoftwareOversampleStepConfigure), (168 bytes).
    Removing adc.o(.data), (6 bytes).
    Removing gpio.o(i.GPIOADCTriggerDisable), (14 bytes).
    Removing gpio.o(i.GPIOADCTriggerEnable), (12 bytes).
    Removing gpio.o(i.GPIODMATriggerDisable), (14 bytes).
    Removing gpio.o(i.GPIODMATriggerEnable), (12 bytes).
    Removing gpio.o(i.GPIODirModeGet), (34 bytes).
    Removing gpio.o(i.GPIOIntClear), (6 bytes).
    Removing gpio.o(i.GPIOIntDisable), (14 bytes).
    Removing gpio.o(i.GPIOIntEnable), (12 bytes).
    Removing gpio.o(i.GPIOIntRegister), (26 bytes).
    Removing gpio.o(i.GPIOIntRegisterPin), (30 bytes).
    Removing gpio.o(i.GPIOIntStatus), (14 bytes).
    Removing gpio.o(i.GPIOIntTypeGet), (68 bytes).
    Removing gpio.o(i.GPIOIntTypeSet), (80 bytes).
    Removing gpio.o(i.GPIOIntUnregister), (22 bytes).
    Removing gpio.o(i.GPIOIntUnregisterPin), (26 bytes).
    Removing gpio.o(i.GPIOPadConfigGet), (204 bytes).
    Removing gpio.o(i.GPIOPinRead), (6 bytes).
    Removing gpio.o(i.GPIOPinTypeCAN), (28 bytes).
    Removing gpio.o(i.GPIOPinTypeComparator), (28 bytes).
    Removing gpio.o(i.GPIOPinTypeComparatorOutput), (28 bytes).
    Removing gpio.o(i.GPIOPinTypeDIVSCLK), (28 bytes).
    Removing gpio.o(i.GPIOPinTypeEPI), (28 bytes).
    Removing gpio.o(i.GPIOPinTypeEthernetLED), (28 bytes).
    Removing gpio.o(i.GPIOPinTypeEthernetMII), (28 bytes).
    Removing gpio.o(i.GPIOPinTypeGPIOOutputOD), (28 bytes).
    Removing gpio.o(i.GPIOPinTypeHibernateRTCCLK), (28 bytes).
    Removing gpio.o(i.GPIOPinTypeI2C), (28 bytes).
    Removing gpio.o(i.GPIOPinTypeI2CSCL), (28 bytes).
    Removing gpio.o(i.GPIOPinTypeLCD), (28 bytes).
    Removing gpio.o(i.GPIOPinTypeOneWire), (28 bytes).
    Removing gpio.o(i.GPIOPinTypeQEI), (28 bytes).
    Removing gpio.o(i.GPIOPinTypeSSI), (28 bytes).
    Removing gpio.o(i.GPIOPinTypeTimer), (28 bytes).
    Removing gpio.o(i.GPIOPinTypeTrace), (28 bytes).
    Removing gpio.o(i.GPIOPinTypeUSBAnalog), (28 bytes).
    Removing gpio.o(i.GPIOPinTypeUSBDigital), (28 bytes).
    Removing gpio.o(i.GPIOPinTypeWakeHigh), (30 bytes).
    Removing gpio.o(i.GPIOPinTypeWakeLow), (30 bytes).
    Removing gpio.o(i.GPIOPinWakeStatus), (6 bytes).
    Removing gpio.o(i._GPIOIntNumberGet), (80 bytes).
    Removing pwm.o(i.PWMClockGet), (26 bytes).
    Removing pwm.o(i.PWMClockSet), (20 bytes).
    Removing pwm.o(i.PWMDeadBandDisable), (12 bytes).
    Removing pwm.o(i.PWMDeadBandEnable), (16 bytes).
    Removing pwm.o(i.PWMFaultIntClear), (8 bytes).
    Removing pwm.o(i.PWMFaultIntClearExt), (4 bytes).
    Removing pwm.o(i.PWMFaultIntRegister), (96 bytes).
    Removing pwm.o(i.PWMFaultIntUnregister), (88 bytes).
    Removing pwm.o(i.PWMGenDisable), (10 bytes).
    Removing pwm.o(i.PWMGenFaultClear), (18 bytes).
    Removing pwm.o(i.PWMGenFaultConfigure), (18 bytes).
    Removing pwm.o(i.PWMGenFaultStatus), (18 bytes).
    Removing pwm.o(i.PWMGenFaultTriggerGet), (12 bytes).
    Removing pwm.o(i.PWMGenFaultTriggerSet), (12 bytes).
    Removing pwm.o(i.PWMGenIntClear), (6 bytes).
    Removing pwm.o(i.PWMGenIntRegister), (26 bytes).
    Removing pwm.o(i.PWMGenIntStatus), (12 bytes).
    Removing pwm.o(i.PWMGenIntTrigDisable), (10 bytes).
    Removing pwm.o(i.PWMGenIntTrigEnable), (10 bytes).
    Removing pwm.o(i.PWMGenIntUnregister), (22 bytes).
    Removing pwm.o(i.PWMGenPeriodGet), (18 bytes).
    Removing pwm.o(i.PWMIntDisable), (10 bytes).
    Removing pwm.o(i.PWMIntEnable), (8 bytes).
    Removing pwm.o(i.PWMIntStatus), (10 bytes).
    Removing pwm.o(i.PWMOutputFault), (16 bytes).
    Removing pwm.o(i.PWMOutputFaultLevel), (16 bytes).
    Removing pwm.o(i.PWMOutputInvert), (16 bytes).
    Removing pwm.o(i.PWMOutputUpdateMode), (62 bytes).
    Removing pwm.o(i.PWMPulseWidthGet), (32 bytes).
    Removing pwm.o(i.PWMSyncTimeBase), (4 bytes).
    Removing pwm.o(i.PWMSyncUpdate), (4 bytes).
    Removing pwm.o(i._PWMGenIntNumberGet), (224 bytes).
    Removing sysctl.o(i.SysCtlAltClkConfig), (12 bytes).
    Removing sysctl.o(i.SysCtlClockFreqSet), (748 bytes).
    Removing sysctl.o(i.SysCtlClockOutConfig), (20 bytes).
    Removing sysctl.o(i.SysCtlDeepSleep), (32 bytes).
    Removing sysctl.o(i.SysCtlDeepSleepClockConfigSet), (112 bytes).
    Removing sysctl.o(i.SysCtlDeepSleepClockSet), (12 bytes).
    Removing sysctl.o(i.SysCtlDeepSleepPowerSet), (12 bytes).
    Removing sysctl.o(i.SysCtlFlashSectorSizeGet), (56 bytes).
    Removing sysctl.o(i.SysCtlFlashSizeGet), (56 bytes).
    Removing sysctl.o(i.SysCtlGPIOAHBDisable), (28 bytes).
    Removing sysctl.o(i.SysCtlGPIOAHBEnable), (24 bytes).
    Removing sysctl.o(i.SysCtlIntClear), (12 bytes).
    Removing sysctl.o(i.SysCtlIntDisable), (16 bytes).
    Removing sysctl.o(i.SysCtlIntEnable), (16 bytes).
    Removing sysctl.o(i.SysCtlIntRegister), (20 bytes).
    Removing sysctl.o(i.SysCtlIntStatus), (16 bytes).
    Removing sysctl.o(i.SysCtlIntUnregister), (18 bytes).
    Removing sysctl.o(i.SysCtlLDODeepSleepGet), (12 bytes).
    Removing sysctl.o(i.SysCtlLDODeepSleepSet), (12 bytes).
    Removing sysctl.o(i.SysCtlLDOSleepGet), (12 bytes).
    Removing sysctl.o(i.SysCtlLDOSleepSet), (12 bytes).
    Removing sysctl.o(i.SysCtlMOSCConfigSet), (12 bytes).
    Removing sysctl.o(i.SysCtlNMIClear), (16 bytes).
    Removing sysctl.o(i.SysCtlNMIStatus), (12 bytes).
    Removing sysctl.o(i.SysCtlPIOSCCalibrate), (76 bytes).
    Removing sysctl.o(i.SysCtlPWMClockGet), (24 bytes).
    Removing sysctl.o(i.SysCtlPeripheralClockGating), (68 bytes).
    Removing sysctl.o(i.SysCtlPeripheralDeepSleepDisable), (40 bytes).
    Removing sysctl.o(i.SysCtlPeripheralDeepSleepEnable), (40 bytes).
    Removing sysctl.o(i.SysCtlPeripheralDisable), (40 bytes).
    Removing sysctl.o(i.SysCtlPeripheralPowerOff), (40 bytes).
    Removing sysctl.o(i.SysCtlPeripheralPowerOn), (40 bytes).
    Removing sysctl.o(i.SysCtlPeripheralPresent), (44 bytes).
    Removing sysctl.o(i.SysCtlPeripheralSleepDisable), (40 bytes).
    Removing sysctl.o(i.SysCtlPeripheralSleepEnable), (40 bytes).
    Removing sysctl.o(i.SysCtlReset), (16 bytes).
    Removing sysctl.o(i.SysCtlResetBehaviorGet), (12 bytes).
    Removing sysctl.o(i.SysCtlResetBehaviorSet), (12 bytes).
    Removing sysctl.o(i.SysCtlResetCauseClear), (16 bytes).
    Removing sysctl.o(i.SysCtlResetCauseGet), (12 bytes).
    Removing sysctl.o(i.SysCtlSRAMSizeGet), (16 bytes).
    Removing sysctl.o(i.SysCtlSleep), (4 bytes).
    Removing sysctl.o(i.SysCtlSleepPowerSet), (12 bytes).
    Removing sysctl.o(i.SysCtlUSBPLLDisable), (16 bytes).
    Removing sysctl.o(i.SysCtlUSBPLLEnable), (16 bytes).
    Removing sysctl.o(i.SysCtlVCOGet), (120 bytes).
    Removing sysctl.o(i.SysCtlVoltageEventClear), (16 bytes).
    Removing sysctl.o(i.SysCtlVoltageEventConfig), (12 bytes).
    Removing sysctl.o(i.SysCtlVoltageEventStatus), (12 bytes).
    Removing uart.o(i.UART9BitAddrSend), (38 bytes).
    Removing uart.o(i.UART9BitAddrSet), (10 bytes).
    Removing uart.o(i.UART9BitDisable), (14 bytes).
    Removing uart.o(i.UART9BitEnable), (14 bytes).
    Removing uart.o(i.UARTBreakCtl), (18 bytes).
    Removing uart.o(i.UARTBusy), (8 bytes).
    Removing uart.o(i.UARTCharGet), (12 bytes).
    Removing uart.o(i.UARTCharGetNonBlocking), (16 bytes).
    Removing uart.o(i.UARTCharPut), (12 bytes).
    Removing uart.o(i.UARTCharPutNonBlocking), (16 bytes).
    Removing uart.o(i.UARTCharsAvail), (10 bytes).
    Removing uart.o(i.UARTClockSourceGet), (6 bytes).
    Removing uart.o(i.UARTClockSourceSet), (6 bytes).
    Removing uart.o(i.UARTConfigGetExpClk), (46 bytes).
    Removing uart.o(i.UARTDMADisable), (10 bytes).
    Removing uart.o(i.UARTDMAEnable), (8 bytes).
    Removing uart.o(i.UARTDisable), (30 bytes).
    Removing uart.o(i.UARTDisableSIR), (10 bytes).
    Removing uart.o(i.UARTEnable), (20 bytes).
    Removing uart.o(i.UARTEnableSIR), (18 bytes).
    Removing uart.o(i.UARTFIFODisable), (10 bytes).
    Removing uart.o(i.UARTFIFOEnable), (10 bytes).
    Removing uart.o(i.UARTFIFOLevelGet), (16 bytes).
    Removing uart.o(i.UARTFIFOLevelSet), (6 bytes).
    Removing uart.o(i.UARTFlowControlGet), (8 bytes).
    Removing uart.o(i.UARTFlowControlSet), (12 bytes).
    Removing uart.o(i.UARTIntClear), (4 bytes).
    Removing uart.o(i.UARTIntDisable), (10 bytes).
    Removing uart.o(i.UARTIntEnable), (8 bytes).
    Removing uart.o(i.UARTIntRegister), (88 bytes).
    Removing uart.o(i.UARTIntStatus), (10 bytes).
    Removing uart.o(i.UARTIntUnregister), (88 bytes).
    Removing uart.o(i.UARTLoopbackEnable), (10 bytes).
    Removing uart.o(i.UARTModemControlClear), (14 bytes).
    Removing uart.o(i.UARTModemControlGet), (8 bytes).
    Removing uart.o(i.UARTModemControlSet), (12 bytes).
    Removing uart.o(i.UARTModemStatusGet), (10 bytes).
    Removing uart.o(i.UARTParityModeGet), (8 bytes).
    Removing uart.o(i.UARTParityModeSet), (12 bytes).
    Removing uart.o(i.UARTRxErrorClear), (6 bytes).
    Removing uart.o(i.UARTRxErrorGet), (8 bytes).
    Removing uart.o(i.UARTSmartCardDisable), (10 bytes).
    Removing uart.o(i.UARTSmartCardEnable), (22 bytes).
    Removing uart.o(i.UARTSpaceAvail), (10 bytes).
    Removing uart.o(i.UARTTxIntModeGet), (8 bytes).
    Removing uart.o(i.UARTTxIntModeSet), (12 bytes).
    Removing uart.o(.constdata), (128 bytes).
    Removing cpu.o(.emb_text), (38 bytes).
    Removing interrupt.o(i.IntDisable), (100 bytes).
    Removing interrupt.o(i.IntEnable), (100 bytes).
    Removing interrupt.o(i.IntIsEnabled), (96 bytes).
    Removing interrupt.o(i.IntMasterDisable), (14 bytes).
    Removing interrupt.o(i.IntMasterEnable), (14 bytes).
    Removing interrupt.o(i.IntPendClear), (68 bytes).
    Removing interrupt.o(i.IntPendSet), (84 bytes).
    Removing interrupt.o(i.IntPriorityGet), (28 bytes).
    Removing interrupt.o(i.IntPriorityGroupingGet), (36 bytes).
    Removing interrupt.o(i.IntPriorityGroupingSet), (28 bytes).
    Removing interrupt.o(i.IntPriorityMaskGet), (4 bytes).
    Removing interrupt.o(i.IntPriorityMaskSet), (4 bytes).
    Removing interrupt.o(i.IntPrioritySet), (40 bytes).
    Removing interrupt.o(i.IntRegister), (52 bytes).
    Removing interrupt.o(i.IntTrigger), (12 bytes).
    Removing interrupt.o(i.IntUnregister), (20 bytes).
    Removing interrupt.o(i._IntDefaultHandler), (2 bytes).
    Removing interrupt.o(.constdata), (268 bytes).
    Removing interrupt.o(vtable), (620 bytes).
    Removing dadd.o(.text), (334 bytes).
    Removing dmul.o(.text), (228 bytes).
    Removing ddiv.o(.text), (222 bytes).
    Removing dfixul.o(.text), (48 bytes).
    Removing cdrcmple.o(.text), (48 bytes).
    Removing depilogue.o(.text), (186 bytes).

246 unused section(s) (total 10158 bytes) removed from the image.

==============================================================================

Image Symbol Table

    Local Symbols

    Symbol Name                              Value     Ov Type        Size  Object(Section)

    RESET                                    0x00000000   Section      648  startup_rvmdk.o(RESET)
    ../clib/microlib/division.c              0x00000000   Number         0  uidiv.o ABSOLUTE
    ../clib/microlib/division.c              0x00000000   Number         0  uldiv.o ABSOLUTE
    ../clib/microlib/init/entry.s            0x00000000   Number         0  entry7a.o ABSOLUTE
    ../clib/microlib/init/entry.s            0x00000000   Number         0  entry5.o ABSOLUTE
    ../clib/microlib/init/entry.s            0x00000000   Number         0  entry2.o ABSOLUTE
    ../clib/microlib/init/entry.s            0x00000000   Number         0  entry11b.o ABSOLUTE
    ../clib/microlib/init/entry.s            0x00000000   Number         0  entry.o ABSOLUTE
    ../clib/microlib/init/entry.s            0x00000000   Number         0  entry10b.o ABSOLUTE
    ../clib/microlib/init/entry.s            0x00000000   Number         0  entry10a.o ABSOLUTE
    ../clib/microlib/init/entry.s            0x00000000   Number         0  entry8b.o ABSOLUTE
    ../clib/microlib/init/entry.s            0x00000000   Number         0  entry9b.o ABSOLUTE
    ../clib/microlib/init/entry.s            0x00000000   Number         0  entry9a.o ABSOLUTE
    ../clib/microlib/init/entry.s            0x00000000   Number         0  entry8a.o ABSOLUTE
    ../clib/microlib/init/entry.s            0x00000000   Number         0  entry11a.o ABSOLUTE
    ../clib/microlib/init/entry.s            0x00000000   Number         0  entry7b.o ABSOLUTE
    ../clib/microlib/longlong.c              0x00000000   Number         0  llsshr.o ABSOLUTE
    ../clib/microlib/longlong.c              0x00000000   Number         0  llushr.o ABSOLUTE
    ../clib/microlib/longlong.c              0x00000000   Number         0  llshl.o ABSOLUTE
    ../clib/microlib/printf/printf.c         0x00000000   Number         0  printfa.o ABSOLUTE
    ../clib/microlib/printf/printf.c         0x00000000   Number         0  printf2.o ABSOLUTE
    ../clib/microlib/printf/printf.c         0x00000000   Number         0  printf4.o ABSOLUTE
    ../clib/microlib/printf/printf.c         0x00000000   Number         0  printfb.o ABSOLUTE
    ../clib/microlib/printf/printf.c         0x00000000   Number         0  printf0.o ABSOLUTE
    ../clib/microlib/printf/printf.c         0x00000000   Number         0  printf1.o ABSOLUTE
    ../clib/microlib/printf/printf.c         0x00000000   Number         0  printf3.o ABSOLUTE
    ../clib/microlib/printf/printf.c         0x00000000   Number         0  printf5.o ABSOLUTE
    ../clib/microlib/printf/printf.c         0x00000000   Number         0  printf6.o ABSOLUTE
    ../clib/microlib/printf/printf.c         0x00000000   Number         0  printf7.o ABSOLUTE
    ../clib/microlib/printf/printf.c         0x00000000   Number         0  printf8.o ABSOLUTE
    ../clib/microlib/printf/stubs.s          0x00000000   Number         0  stubs.o ABSOLUTE
    ../clib/microlib/stdio/streams.c         0x00000000   Number         0  stdout.o ABSOLUTE
    ../clib/microlib/stubs.s                 0x00000000   Number         0  iusefp.o ABSOLUTE
    ../fplib/microlib/fpadd.c                0x00000000   Number         0  dadd.o ABSOLUTE
    ../fplib/microlib/fpdiv.c                0x00000000   Number         0  ddiv.o ABSOLUTE
    ../fplib/microlib/fpepilogue.c           0x00000000   Number         0  depilogue.o ABSOLUTE
    ../fplib/microlib/fpfix.c                0x00000000   Number         0  dfixul.o ABSOLUTE
    ../fplib/microlib/fpmul.c                0x00000000   Number         0  dmul.o ABSOLUTE
    FSR2I2C.c                                0x00000000   Number         0  fsr2i2c.o ABSOLUTE
    I2C_helper.c                             0x00000000   Number         0  i2c_helper.o ABSOLUTE
    adc.c                                    0x00000000   Number         0  adc.o ABSOLUTE
    cdrcmple.s                               0x00000000   Number         0  cdrcmple.o ABSOLUTE
    cpu.c                                    0x00000000   Number         0  cpu.o ABSOLUTE
    cpu.c                                    0x00000000   Number         0  cpu.o ABSOLUTE
    dc.s                                     0x00000000   Number         0  dc.o ABSOLUTE
    gpio.c                                   0x00000000   Number         0  gpio.o ABSOLUTE
    handlers.s                               0x00000000   Number         0  handlers.o ABSOLUTE
    init.s                                   0x00000000   Number         0  init.o ABSOLUTE
    interrupt.c                              0x00000000   Number         0  interrupt.o ABSOLUTE
    project.c                                0x00000000   Number         0  project.o ABSOLUTE
    pwm.c                                    0x00000000   Number         0  pwm.o ABSOLUTE
    src\ADC_helper.c                         0x00000000   Number         0  adc_helper.o ABSOLUTE
    src\GPIO_helper.c                        0x00000000   Number         0  gpio_helper.o ABSOLUTE
    src\PWM_helper.c                         0x00000000   Number         0  pwm_helper.o ABSOLUTE
    src\uart_helper.c                        0x00000000   Number         0  uart_helper.o ABSOLUTE
    startup_rvmdk.S                          0x00000000   Number         0  startup_rvmdk.o ABSOLUTE
    sysctl.c                                 0x00000000   Number         0  sysctl.o ABSOLUTE
    sysctl.c                                 0x00000000   Number         0  sysctl.o ABSOLUTE
    uart.c                                   0x00000000   Number         0  uart.o ABSOLUTE
    $v0                                      0x0000026c   Number         0  startup_rvmdk.o(RESET)
    NmiSR                                    0x00000281   Thumb Code     0  startup_rvmdk.o(RESET)
    FaultISR                                 0x00000283   Thumb Code     0  startup_rvmdk.o(RESET)
    IntDefaultHandler                        0x00000285   Thumb Code     0  startup_rvmdk.o(RESET)
    .ARM.Collect$$$$00000000                 0x00000288   Section        0  entry.o(.ARM.Collect$$$$00000000)
    .ARM.Collect$$$$00000001                 0x00000288   Section        4  entry2.o(.ARM.Collect$$$$00000001)
    .ARM.Collect$$$$00000004                 0x0000028c   Section        4  entry5.o(.ARM.Collect$$$$00000004)
    .ARM.Collect$$$$00000008                 0x00000290   Section        0  entry7b.o(.ARM.Collect$$$$00000008)
    .ARM.Collect$$$$0000000A                 0x00000290   Section        0  entry8b.o(.ARM.Collect$$$$0000000A)
    .ARM.Collect$$$$0000000B                 0x00000290   Section        8  entry9a.o(.ARM.Collect$$$$0000000B)
    .ARM.Collect$$$$0000000D                 0x00000298   Section        0  entry10a.o(.ARM.Collect$$$$0000000D)
    .ARM.Collect$$$$0000000F                 0x00000298   Section        0  entry11a.o(.ARM.Collect$$$$0000000F)
    .ARM.Collect$$$$00002712                 0x00000298   Section        4  entry2.o(.ARM.Collect$$$$00002712)
    __lit__00000000                          0x00000298   Data           4  entry2.o(.ARM.Collect$$$$00002712)
    .emb_text                                0x0000029c   Section        6  sysctl.o(.emb_text)
    $v0                                      0x0000029c   Number         0  sysctl.o(.emb_text)
    .text                                    0x000002a4   Section       36  init.o(.text)
    i.ADCBusy                                0x000002c8   Section        0  adc.o(i.ADCBusy)
    i.ADCProcessorTrigger                    0x000002d0   Section        0  adc.o(i.ADCProcessorTrigger)
    i.ADCReadString1                         0x000002ec   Section        0  adc_helper.o(i.ADCReadString1)
    i.ADCReferenceSet                        0x000005cc   Section        0  adc.o(i.ADCReferenceSet)
    i.ADCSequenceConfigure                   0x000005d8   Section        0  adc.o(i.ADCSequenceConfigure)
    i.ADCSequenceDataGet                     0x00000638   Section        0  adc.o(i.ADCSequenceDataGet)
    i.ADCSequenceDisable                     0x0000065c   Section        0  adc.o(i.ADCSequenceDisable)
    i.ADCSequenceEnable                      0x0000066c   Section        0  adc.o(i.ADCSequenceEnable)
    i.ADCSequenceStepConfigure               0x0000067a   Section        0  adc.o(i.ADCSequenceStepConfigure)
    i.GPIODirModeSet                         0x00000714   Section        0  gpio.o(i.GPIODirModeSet)
    i.GPIOPadConfigSet                       0x0000073c   Section        0  gpio.o(i.GPIOPadConfigSet)
    i.GPIOPinConfigure                       0x00000874   Section        0  gpio.o(i.GPIOPinConfigure)
    i.GPIOPinTypeADC                         0x000008b8   Section        0  gpio.o(i.GPIOPinTypeADC)
    i.GPIOPinTypeGPIOInput                   0x000008d4   Section        0  gpio.o(i.GPIOPinTypeGPIOInput)
    i.GPIOPinTypeGPIOOutput                  0x000008f0   Section        0  gpio.o(i.GPIOPinTypeGPIOOutput)
    i.GPIOPinTypePWM                         0x0000090c   Section        0  gpio.o(i.GPIOPinTypePWM)
    i.GPIOPinTypeUART                        0x00000928   Section        0  gpio.o(i.GPIOPinTypeUART)
    i.GPIOPinWrite                           0x00000944   Section        0  gpio.o(i.GPIOPinWrite)
    i.GPIOSetup                              0x0000094c   Section        0  gpio_helper.o(i.GPIOSetup)
    i.PWMGenConfigure                        0x000009c8   Section        0  pwm.o(i.PWMGenConfigure)
    i.PWMGenEnable                           0x000009ee   Section        0  pwm.o(i.PWMGenEnable)
    i.PWMGenPeriodSet                        0x000009f8   Section        0  pwm.o(i.PWMGenPeriodSet)
    i.PWMOutputState                         0x00000a0a   Section        0  pwm.o(i.PWMOutputState)
    i.PWMPulseWidthSet                       0x00000a1a   Section        0  pwm.o(i.PWMPulseWidthSet)
    i.SetUpPWM0HZ                            0x00000a3c   Section        0  pwm_helper.o(i.SetUpPWM0HZ)
    i.SetUpPWM104HZ                          0x00000a60   Section        0  pwm_helper.o(i.SetUpPWM104HZ)
    i.SetUpPWM110HZ                          0x00000a80   Section        0  pwm_helper.o(i.SetUpPWM110HZ)
    i.SetUpPWM117HZ                          0x00000aa0   Section        0  pwm_helper.o(i.SetUpPWM117HZ)
    i.SetUpPWM123HZ                          0x00000ac0   Section        0  pwm_helper.o(i.SetUpPWM123HZ)
    i.SetUpPWM131HZ                          0x00000ae0   Section        0  pwm_helper.o(i.SetUpPWM131HZ)
    i.SetUpPWM139HZ                          0x00000b00   Section        0  pwm_helper.o(i.SetUpPWM139HZ)
    i.SetUpPWM147HZ                          0x00000b20   Section        0  pwm_helper.o(i.SetUpPWM147HZ)
    i.SetUpPWM156HZ                          0x00000b40   Section        0  pwm_helper.o(i.SetUpPWM156HZ)
    i.SetUpPWM165HZ                          0x00000b60   Section        0  pwm_helper.o(i.SetUpPWM165HZ)
    i.SetUpPWM175HZ                          0x00000b80   Section        0  pwm_helper.o(i.SetUpPWM175HZ)
    i.SetUpPWM185HZ                          0x00000ba0   Section        0  pwm_helper.o(i.SetUpPWM185HZ)
    i.SetUpPWM82HZ                           0x00000bc0   Section        0  pwm_helper.o(i.SetUpPWM82HZ)
    i.SetUpPWM87HZ                           0x00000be0   Section        0  pwm_helper.o(i.SetUpPWM87HZ)
    i.SetUpPWM92HZ                           0x00000c00   Section        0  pwm_helper.o(i.SetUpPWM92HZ)
    i.SetUpPWM98HZ                           0x00000c20   Section        0  pwm_helper.o(i.SetUpPWM98HZ)
    i.SetupADC                               0x00000c40   Section        0  adc_helper.o(i.SetupADC)
    i.SetupADCPins                           0x00000ca0   Section        0  adc_helper.o(i.SetupADCPins)
    i.SetupPWM                               0x00000cb0   Section        0  pwm_helper.o(i.SetupPWM)
    i.SysCtlClockGet                         0x00000d14   Section        0  sysctl.o(i.SysCtlClockGet)
    i.SysCtlClockSet                         0x00000e68   Section        0  sysctl.o(i.SysCtlClockSet)
    i.SysCtlPWMClockSet                      0x00000f88   Section        0  sysctl.o(i.SysCtlPWMClockSet)
    i.SysCtlPeripheralEnable                 0x00000f9c   Section        0  sysctl.o(i.SysCtlPeripheralEnable)
    i.SysCtlPeripheralReady                  0x00000fc4   Section        0  sysctl.o(i.SysCtlPeripheralReady)
    i.SysCtlPeripheralReset                  0x00000ff0   Section        0  sysctl.o(i.SysCtlPeripheralReset)
    i.UARTConfigSetExpClk                    0x0000102c   Section        0  uart.o(i.UARTConfigSetExpClk)
    i.UART_setup                             0x0000109c   Section        0  uart_helper.o(i.UART_setup)
    i.__scatterload_copy                     0x000010dc   Section       14  handlers.o(i.__scatterload_copy)
    i.__scatterload_null                     0x000010ea   Section        2  handlers.o(i.__scatterload_null)
    i.__scatterload_zeroinit                 0x000010ec   Section       14  handlers.o(i.__scatterload_zeroinit)
    i.main                                   0x000010fc   Section        0  project.o(i.main)
    .constdata                               0x00001144   Section      552  gpio.o(.constdata)
    g_ppui32GPIOIntMapBlizzard               0x00001144   Data         192  gpio.o(.constdata)
    g_ppui32GPIOIntMapSnowflake              0x00001204   Data         216  gpio.o(.constdata)
    g_pui32GPIOBaseAddrs                     0x000012dc   Data         144  gpio.o(.constdata)
    .constdata                               0x0000136c   Section      596  sysctl.o(.constdata)
    g_pui32VCOFrequencies                    0x0000136c   Data           8  sysctl.o(.constdata)
    g_pui32Xtals                             0x00001374   Data         108  sysctl.o(.constdata)
    g_pppui32XTALtoVCO                       0x000013e0   Data         432  sysctl.o(.constdata)
    g_sXTALtoMEMTIM                          0x00001590   Data          48  sysctl.o(.constdata)
    STACK                                    0x20000000   Section      256  startup_rvmdk.o(STACK)
    StackMem                                 0x20000000   Data           0  startup_rvmdk.o(STACK)

    Global Symbols

    Symbol Name                              Value     Ov Type        Size  Object(Section)

    BuildAttributes$$THM_ISAv4$E$P$D$K$B$S$7EM$VFPi3$EXTD16$VFPS$VFMA$PE$A:L22UL41UL21$X:L11$S22US41US21$IEEE1$IW$USESV6$~STKCKD$USESV7$~SHL$OTIME$ROPI$EBA8$MICROLIB$REQ8$PRES8$EABIv2 0x00000000   Number         0  anon$$obj.o ABSOLUTE
    __ARM_use_no_argv                        0x00000000   Number         0  project.o ABSOLUTE
    __Vectors                                0x00000000   Data           0  startup_rvmdk.o(RESET)
    _printf_a                                0x00000000   Number         0  stubs.o ABSOLUTE
    _printf_c                                0x00000000   Number         0  stubs.o ABSOLUTE
    _printf_charcount                        0x00000000   Number         0  stubs.o ABSOLUTE
    _printf_d                                0x00000000   Number         0  stubs.o ABSOLUTE
    _printf_e                                0x00000000   Number         0  stubs.o ABSOLUTE
    _printf_f                                0x00000000   Number         0  stubs.o ABSOLUTE
    _printf_flags                            0x00000000   Number         0  stubs.o ABSOLUTE
    _printf_fp_dec                           0x00000000   Number         0  stubs.o ABSOLUTE
    _printf_fp_hex                           0x00000000   Number         0  stubs.o ABSOLUTE
    _printf_g                                0x00000000   Number         0  stubs.o ABSOLUTE
    _printf_i                                0x00000000   Number         0  stubs.o ABSOLUTE
    _printf_int_dec                          0x00000000   Number         0  stubs.o ABSOLUTE
    _printf_l                                0x00000000   Number         0  stubs.o ABSOLUTE
    _printf_lc                               0x00000000   Number         0  stubs.o ABSOLUTE
    _printf_ll                               0x00000000   Number         0  stubs.o ABSOLUTE
    _printf_lld                              0x00000000   Number         0  stubs.o ABSOLUTE
    _printf_lli                              0x00000000   Number         0  stubs.o ABSOLUTE
    _printf_llo                              0x00000000   Number         0  stubs.o ABSOLUTE
    _printf_llu                              0x00000000   Number         0  stubs.o ABSOLUTE
    _printf_llx                              0x00000000   Number         0  stubs.o ABSOLUTE
    _printf_longlong_dec                     0x00000000   Number         0  stubs.o ABSOLUTE
    _printf_longlong_hex                     0x00000000   Number         0  stubs.o ABSOLUTE
    _printf_longlong_oct                     0x00000000   Number         0  stubs.o ABSOLUTE
    _printf_ls                               0x00000000   Number         0  stubs.o ABSOLUTE
    _printf_mbtowc                           0x00000000   Number         0  stubs.o ABSOLUTE
    _printf_n                                0x00000000   Number         0  stubs.o ABSOLUTE
    _printf_o                                0x00000000   Number         0  stubs.o ABSOLUTE
    _printf_p                                0x00000000   Number         0  stubs.o ABSOLUTE
    _printf_percent                          0x00000000   Number         0  stubs.o ABSOLUTE
    _printf_pre_padding                      0x00000000   Number         0  stubs.o ABSOLUTE
    _printf_return_value                     0x00000000   Number         0  stubs.o ABSOLUTE
    _printf_s                                0x00000000   Number         0  stubs.o ABSOLUTE
    _printf_sizespec                         0x00000000   Number         0  stubs.o ABSOLUTE
    _printf_str                              0x00000000   Number         0  stubs.o ABSOLUTE
    _printf_truncate_signed                  0x00000000   Number         0  stubs.o ABSOLUTE
    _printf_truncate_unsigned                0x00000000   Number         0  stubs.o ABSOLUTE
    _printf_u                                0x00000000   Number         0  stubs.o ABSOLUTE
    _printf_wc                               0x00000000   Number         0  stubs.o ABSOLUTE
    _printf_wctomb                           0x00000000   Number         0  stubs.o ABSOLUTE
    _printf_widthprec                        0x00000000   Number         0  stubs.o ABSOLUTE
    _printf_x                                0x00000000   Number         0  stubs.o ABSOLUTE
    __cpp_initialize__aeabi_                  - Undefined Weak Reference
    __cxa_finalize                            - Undefined Weak Reference
    __decompress                              - Undefined Weak Reference
    _clock_init                               - Undefined Weak Reference
    _microlib_exit                            - Undefined Weak Reference
    Reset_Handler                            0x0000026d   Thumb Code     0  startup_rvmdk.o(RESET)
    __main                                   0x00000289   Thumb Code     0  entry.o(.ARM.Collect$$$$00000000)
    _main_stk                                0x00000289   Thumb Code     0  entry2.o(.ARM.Collect$$$$00000001)
    _main_scatterload                        0x0000028d   Thumb Code     0  entry5.o(.ARM.Collect$$$$00000004)
    __main_after_scatterload                 0x00000291   Thumb Code     0  entry5.o(.ARM.Collect$$$$00000004)
    _main_clock                              0x00000291   Thumb Code     0  entry7b.o(.ARM.Collect$$$$00000008)
    _main_cpp_init                           0x00000291   Thumb Code     0  entry8b.o(.ARM.Collect$$$$0000000A)
    _main_init                               0x00000291   Thumb Code     0  entry9a.o(.ARM.Collect$$$$0000000B)
    __rt_final_cpp                           0x00000299   Thumb Code     0  entry10a.o(.ARM.Collect$$$$0000000D)
    __rt_final_exit                          0x00000299   Thumb Code     0  entry11a.o(.ARM.Collect$$$$0000000F)
    SysCtlDelay                              0x0000029d   Thumb Code     6  sysctl.o(.emb_text)
    __scatterload                            0x000002a5   Thumb Code    28  init.o(.text)
    __scatterload_rt2                        0x000002a5   Thumb Code     0  init.o(.text)
    ADCBusy                                  0x000002c9   Thumb Code     8  adc.o(i.ADCBusy)
    ADCProcessorTrigger                      0x000002d1   Thumb Code    26  adc.o(i.ADCProcessorTrigger)
    ADCReadString1                           0x000002ed   Thumb Code   726  adc_helper.o(i.ADCReadString1)
    ADCReferenceSet                          0x000005cd   Thumb Code    12  adc.o(i.ADCReferenceSet)
    ADCSequenceConfigure                     0x000005d9   Thumb Code    96  adc.o(i.ADCSequenceConfigure)
    ADCSequenceDataGet                       0x00000639   Thumb Code    36  adc.o(i.ADCSequenceDataGet)
    ADCSequenceDisable                       0x0000065d   Thumb Code    16  adc.o(i.ADCSequenceDisable)
    ADCSequenceEnable                        0x0000066d   Thumb Code    14  adc.o(i.ADCSequenceEnable)
    ADCSequenceStepConfigure                 0x0000067b   Thumb Code   154  adc.o(i.ADCSequenceStepConfigure)
    GPIODirModeSet                           0x00000715   Thumb Code    40  gpio.o(i.GPIODirModeSet)
    GPIOPadConfigSet                         0x0000073d   Thumb Code   312  gpio.o(i.GPIOPadConfigSet)
    GPIOPinConfigure                         0x00000875   Thumb Code    60  gpio.o(i.GPIOPinConfigure)
    GPIOPinTypeADC                           0x000008b9   Thumb Code    28  gpio.o(i.GPIOPinTypeADC)
    GPIOPinTypeGPIOInput                     0x000008d5   Thumb Code    28  gpio.o(i.GPIOPinTypeGPIOInput)
    GPIOPinTypeGPIOOutput                    0x000008f1   Thumb Code    28  gpio.o(i.GPIOPinTypeGPIOOutput)
    GPIOPinTypePWM                           0x0000090d   Thumb Code    28  gpio.o(i.GPIOPinTypePWM)
    GPIOPinTypeUART                          0x00000929   Thumb Code    28  gpio.o(i.GPIOPinTypeUART)
    GPIOPinWrite                             0x00000945   Thumb Code     6  gpio.o(i.GPIOPinWrite)
    GPIOSetup                                0x0000094d   Thumb Code   106  gpio_helper.o(i.GPIOSetup)
    PWMGenConfigure                          0x000009c9   Thumb Code    38  pwm.o(i.PWMGenConfigure)
    PWMGenEnable                             0x000009ef   Thumb Code    10  pwm.o(i.PWMGenEnable)
    PWMGenPeriodSet                          0x000009f9   Thumb Code    18  pwm.o(i.PWMGenPeriodSet)
    PWMOutputState                           0x00000a0b   Thumb Code    16  pwm.o(i.PWMOutputState)
    PWMPulseWidthSet                         0x00000a1b   Thumb Code    32  pwm.o(i.PWMPulseWidthSet)
    SetUpPWM0HZ                              0x00000a3d   Thumb Code    24  pwm_helper.o(i.SetUpPWM0HZ)
    SetUpPWM104HZ                            0x00000a61   Thumb Code    28  pwm_helper.o(i.SetUpPWM104HZ)
    SetUpPWM110HZ                            0x00000a81   Thumb Code    28  pwm_helper.o(i.SetUpPWM110HZ)
    SetUpPWM117HZ                            0x00000aa1   Thumb Code    28  pwm_helper.o(i.SetUpPWM117HZ)
    SetUpPWM123HZ                            0x00000ac1   Thumb Code    28  pwm_helper.o(i.SetUpPWM123HZ)
    SetUpPWM131HZ                            0x00000ae1   Thumb Code    28  pwm_helper.o(i.SetUpPWM131HZ)
    SetUpPWM139HZ                            0x00000b01   Thumb Code    28  pwm_helper.o(i.SetUpPWM139HZ)
    SetUpPWM147HZ                            0x00000b21   Thumb Code    28  pwm_helper.o(i.SetUpPWM147HZ)
    SetUpPWM156HZ                            0x00000b41   Thumb Code    28  pwm_helper.o(i.SetUpPWM156HZ)
    SetUpPWM165HZ                            0x00000b61   Thumb Code    28  pwm_helper.o(i.SetUpPWM165HZ)
    SetUpPWM175HZ                            0x00000b81   Thumb Code    28  pwm_helper.o(i.SetUpPWM175HZ)
    SetUpPWM185HZ                            0x00000ba1   Thumb Code    28  pwm_helper.o(i.SetUpPWM185HZ)
    SetUpPWM82HZ                             0x00000bc1   Thumb Code    28  pwm_helper.o(i.SetUpPWM82HZ)
    SetUpPWM87HZ                             0x00000be1   Thumb Code    28  pwm_helper.o(i.SetUpPWM87HZ)
    SetUpPWM92HZ                             0x00000c01   Thumb Code    28  pwm_helper.o(i.SetUpPWM92HZ)
    SetUpPWM98HZ                             0x00000c21   Thumb Code    28  pwm_helper.o(i.SetUpPWM98HZ)
    SetupADC                                 0x00000c41   Thumb Code    86  adc_helper.o(i.SetupADC)
    SetupADCPins                             0x00000ca1   Thumb Code    12  adc_helper.o(i.SetupADCPins)
    SetupPWM                                 0x00000cb1   Thumb Code    78  pwm_helper.o(i.SetupPWM)
    SysCtlClockGet                           0x00000d15   Thumb Code   304  sysctl.o(i.SysCtlClockGet)
    SysCtlClockSet                           0x00000e69   Thumb Code   270  sysctl.o(i.SysCtlClockSet)
    SysCtlPWMClockSet                        0x00000f89   Thumb Code    14  sysctl.o(i.SysCtlPWMClockSet)
    SysCtlPeripheralEnable                   0x00000f9d   Thumb Code    36  sysctl.o(i.SysCtlPeripheralEnable)
    SysCtlPeripheralReady                    0x00000fc5   Thumb Code    40  sysctl.o(i.SysCtlPeripheralReady)
    SysCtlPeripheralReset                    0x00000ff1   Thumb Code    56  sysctl.o(i.SysCtlPeripheralReset)
    UARTConfigSetExpClk                      0x0000102d   Thumb Code   110  uart.o(i.UARTConfigSetExpClk)
    UART_setup                               0x0000109d   Thumb Code    54  uart_helper.o(i.UART_setup)
    __scatterload_copy                       0x000010dd   Thumb Code    14  handlers.o(i.__scatterload_copy)
    __scatterload_null                       0x000010eb   Thumb Code     2  handlers.o(i.__scatterload_null)
    __scatterload_zeroinit                   0x000010ed   Thumb Code    14  handlers.o(i.__scatterload_zeroinit)
    main                                     0x000010fd   Thumb Code    58  project.o(i.main)
    Region$$Table$$Base                      0x000015c0   Number         0  anon$$obj.o(Region$$Table)
    Region$$Table$$Limit                     0x000015d0   Number         0  anon$$obj.o(Region$$Table)
    __initial_sp                             0x20000100   Data           0  startup_rvmdk.o(STACK)



==============================================================================

Memory Map of the image

  Image Entry point : 0x0000026d

  Load Region LR_IROM (Base: 0x00000000, Size: 0x000015d0, Max: 0x00040000, ABSOLUTE)

    Execution Region ER_IROM (Exec base: 0x00000000, Load base: 0x00000000, Size: 0x000015d0, Max: 0x00040000, ABSOLUTE)

    Exec Addr    Load Addr    Size         Type   Attr      Idx    E Section Name        Object

    0x00000000   0x00000000   0x00000288   Code   RO          168  * RESET               startup_rvmdk.o
    0x00000288   0x00000288   0x00000000   Code   RO         2058  * .ARM.Collect$$$$00000000  mc_w.l(entry.o)
    0x00000288   0x00000288   0x00000004   Code   RO         2322    .ARM.Collect$$$$00000001  mc_w.l(entry2.o)
    0x0000028c   0x0000028c   0x00000004   Code   RO         2325    .ARM.Collect$$$$00000004  mc_w.l(entry5.o)
    0x00000290   0x00000290   0x00000000   Code   RO         2327    .ARM.Collect$$$$00000008  mc_w.l(entry7b.o)
    0x00000290   0x00000290   0x00000000   Code   RO         2329    .ARM.Collect$$$$0000000A  mc_w.l(entry8b.o)
    0x00000290   0x00000290   0x00000008   Code   RO         2330    .ARM.Collect$$$$0000000B  mc_w.l(entry9a.o)
    0x00000298   0x00000298   0x00000000   Code   RO         2332    .ARM.Collect$$$$0000000D  mc_w.l(entry10a.o)
    0x00000298   0x00000298   0x00000000   Code   RO         2334    .ARM.Collect$$$$0000000F  mc_w.l(entry11a.o)
    0x00000298   0x00000298   0x00000004   Code   RO         2323    .ARM.Collect$$$$00002712  mc_w.l(entry2.o)
    0x0000029c   0x0000029c   0x00000006   Code   RO         1289    .emb_text           driverlib.lib(sysctl.o)
    0x000002a2   0x000002a2   0x00000002   PAD
    0x000002a4   0x000002a4   0x00000024   Code   RO         2352    .text               mc_w.l(init.o)
    0x000002c8   0x000002c8   0x00000008   Code   RO          471    i.ADCBusy           driverlib.lib(adc.o)
    0x000002d0   0x000002d0   0x0000001a   Code   RO          494    i.ADCProcessorTrigger  driverlib.lib(adc.o)
    0x000002ea   0x000002ea   0x00000002   PAD
    0x000002ec   0x000002ec   0x000002e0   Code   RO          173    i.ADCReadString1    adc_helper.o
    0x000005cc   0x000005cc   0x0000000c   Code   RO          496    i.ADCReferenceSet   driverlib.lib(adc.o)
    0x000005d8   0x000005d8   0x00000060   Code   RO          497    i.ADCSequenceConfigure  driverlib.lib(adc.o)
    0x00000638   0x00000638   0x00000024   Code   RO          500    i.ADCSequenceDataGet  driverlib.lib(adc.o)
    0x0000065c   0x0000065c   0x00000010   Code   RO          501    i.ADCSequenceDisable  driverlib.lib(adc.o)
    0x0000066c   0x0000066c   0x0000000e   Code   RO          502    i.ADCSequenceEnable  driverlib.lib(adc.o)
    0x0000067a   0x0000067a   0x0000009a   Code   RO          505    i.ADCSequenceStepConfigure  driverlib.lib(adc.o)
    0x00000714   0x00000714   0x00000028   Code   RO          754    i.GPIODirModeSet    driverlib.lib(gpio.o)
    0x0000073c   0x0000073c   0x00000138   Code   RO          766    i.GPIOPadConfigSet  driverlib.lib(gpio.o)
    0x00000874   0x00000874   0x00000044   Code   RO          767    i.GPIOPinConfigure  driverlib.lib(gpio.o)
    0x000008b8   0x000008b8   0x0000001c   Code   RO          769    i.GPIOPinTypeADC    driverlib.lib(gpio.o)
    0x000008d4   0x000008d4   0x0000001c   Code   RO          777    i.GPIOPinTypeGPIOInput  driverlib.lib(gpio.o)
    0x000008f0   0x000008f0   0x0000001c   Code   RO          778    i.GPIOPinTypeGPIOOutput  driverlib.lib(gpio.o)
    0x0000090c   0x0000090c   0x0000001c   Code   RO          785    i.GPIOPinTypePWM    driverlib.lib(gpio.o)
    0x00000928   0x00000928   0x0000001c   Code   RO          790    i.GPIOPinTypeUART   driverlib.lib(gpio.o)
    0x00000944   0x00000944   0x00000006   Code   RO          796    i.GPIOPinWrite      driverlib.lib(gpio.o)
    0x0000094a   0x0000094a   0x00000002   PAD
    0x0000094c   0x0000094c   0x0000007c   Code   RO          216    i.GPIOSetup         gpio_helper.o
    0x000009c8   0x000009c8   0x00000026   Code   RO         1064    i.PWMGenConfigure   driverlib.lib(pwm.o)
    0x000009ee   0x000009ee   0x0000000a   Code   RO         1066    i.PWMGenEnable      driverlib.lib(pwm.o)
    0x000009f8   0x000009f8   0x00000012   Code   RO         1079    i.PWMGenPeriodSet   driverlib.lib(pwm.o)
    0x00000a0a   0x00000a0a   0x00000010   Code   RO         1086    i.PWMOutputState    driverlib.lib(pwm.o)
    0x00000a1a   0x00000a1a   0x00000020   Code   RO         1089    i.PWMPulseWidthSet  driverlib.lib(pwm.o)
    0x00000a3a   0x00000a3a   0x00000002   PAD
    0x00000a3c   0x00000a3c   0x00000024   Code   RO          252    i.SetUpPWM0HZ       pwm_helper.o
    0x00000a60   0x00000a60   0x00000020   Code   RO          253    i.SetUpPWM104HZ     pwm_helper.o
    0x00000a80   0x00000a80   0x00000020   Code   RO          254    i.SetUpPWM110HZ     pwm_helper.o
    0x00000aa0   0x00000aa0   0x00000020   Code   RO          255    i.SetUpPWM117HZ     pwm_helper.o
    0x00000ac0   0x00000ac0   0x00000020   Code   RO          256    i.SetUpPWM123HZ     pwm_helper.o
    0x00000ae0   0x00000ae0   0x00000020   Code   RO          257    i.SetUpPWM131HZ     pwm_helper.o
    0x00000b00   0x00000b00   0x00000020   Code   RO          258    i.SetUpPWM139HZ     pwm_helper.o
    0x00000b20   0x00000b20   0x00000020   Code   RO          259    i.SetUpPWM147HZ     pwm_helper.o
    0x00000b40   0x00000b40   0x00000020   Code   RO          260    i.SetUpPWM156HZ     pwm_helper.o
    0x00000b60   0x00000b60   0x00000020   Code   RO          261    i.SetUpPWM165HZ     pwm_helper.o
    0x00000b80   0x00000b80   0x00000020   Code   RO          262    i.SetUpPWM175HZ     pwm_helper.o
    0x00000ba0   0x00000ba0   0x00000020   Code   RO          263    i.SetUpPWM185HZ     pwm_helper.o
    0x00000bc0   0x00000bc0   0x00000020   Code   RO          269    i.SetUpPWM82HZ      pwm_helper.o
    0x00000be0   0x00000be0   0x00000020   Code   RO          270    i.SetUpPWM87HZ      pwm_helper.o
    0x00000c00   0x00000c00   0x00000020   Code   RO          271    i.SetUpPWM92HZ      pwm_helper.o
    0x00000c20   0x00000c20   0x00000020   Code   RO          272    i.SetUpPWM98HZ      pwm_helper.o
    0x00000c40   0x00000c40   0x00000060   Code   RO          174    i.SetupADC          adc_helper.o
    0x00000ca0   0x00000ca0   0x00000010   Code   RO          175    i.SetupADCPins      adc_helper.o
    0x00000cb0   0x00000cb0   0x00000064   Code   RO          273    i.SetupPWM          pwm_helper.o
    0x00000d14   0x00000d14   0x00000154   Code   RO         1292    i.SysCtlClockGet    driverlib.lib(sysctl.o)
    0x00000e68   0x00000e68   0x00000120   Code   RO         1294    i.SysCtlClockSet    driverlib.lib(sysctl.o)
    0x00000f88   0x00000f88   0x00000014   Code   RO         1318    i.SysCtlPWMClockSet  driverlib.lib(sysctl.o)
    0x00000f9c   0x00000f9c   0x00000028   Code   RO         1323    i.SysCtlPeripheralEnable  driverlib.lib(sysctl.o)
    0x00000fc4   0x00000fc4   0x0000002c   Code   RO         1327    i.SysCtlPeripheralReady  driverlib.lib(sysctl.o)
    0x00000ff0   0x00000ff0   0x0000003c   Code   RO         1328    i.SysCtlPeripheralReset  driverlib.lib(sysctl.o)
    0x0000102c   0x0000102c   0x0000006e   Code   RO         1657    i.UARTConfigSetExpClk  driverlib.lib(uart.o)
    0x0000109a   0x0000109a   0x00000002   PAD
    0x0000109c   0x0000109c   0x00000040   Code   RO          407    i.UART_setup        uart_helper.o
    0x000010dc   0x000010dc   0x0000000e   Code   RO         2364    i.__scatterload_copy  mc_w.l(handlers.o)
    0x000010ea   0x000010ea   0x00000002   Code   RO         2365    i.__scatterload_null  mc_w.l(handlers.o)
    0x000010ec   0x000010ec   0x0000000e   Code   RO         2366    i.__scatterload_zeroinit  mc_w.l(handlers.o)
    0x000010fa   0x000010fa   0x00000002   PAD
    0x000010fc   0x000010fc   0x00000048   Code   RO            1    i.main              project.o
    0x00001144   0x00001144   0x00000228   Data   RO          798    .constdata          driverlib.lib(gpio.o)
    0x0000136c   0x0000136c   0x00000254   Data   RO         1345    .constdata          driverlib.lib(sysctl.o)
    0x000015c0   0x000015c0   0x00000010   Data   RO         2362    Region$$Table       anon$$obj.o


    Execution Region RW_IRAM (Exec base: 0x20000000, Load base: 0x000015d0, Size: 0x00000100, Max: 0x00008000, ABSOLUTE)

    Exec Addr    Load Addr    Size         Type   Attr      Idx    E Section Name        Object

    0x20000000        -       0x00000100   Zero   RW          166    STACK               startup_rvmdk.o


==============================================================================

Image component sizes


      Code (inc. data)   RO Data    RW Data    ZI Data      Debug   Object Name

       848         24          0          0          0       2163   adc_helper.o
       124         18          0          0          0        512   gpio_helper.o
        72         14          0          0          0       5007   project.o
       616         94          0          0          0       8045   pwm_helper.o
       648        622          0          0        256        272   startup_rvmdk.o
        64         10          0          0          0        477   uart_helper.o

    ----------------------------------------------------------------------
      2372        782         16          0        256      16476   Object Totals
         0          0         16          0          0          0   (incl. Generated)
         0          0          0          0          0          0   (incl. Padding)

    ----------------------------------------------------------------------

      Code (inc. data)   RO Data    RW Data    ZI Data      Debug   Library Member Name

       362          0          0          0          0       8802   adc.o
       566          8        552          0          0       6701   gpio.o
       114          0          0          0          0       2815   pwm.o
       798         72        596          0          0       6215   sysctl.o
       110          0          0          0          0       1643   uart.o
         0          0          0          0          0          0   entry.o
         0          0          0          0          0          0   entry10a.o
         0          0          0          0          0          0   entry11a.o
         8          4          0          0          0          0   entry2.o
         4          0          0          0          0          0   entry5.o
         0          0          0          0          0          0   entry7b.o
         0          0          0          0          0          0   entry8b.o
         8          4          0          0          0          0   entry9a.o
        30          0          0          0          0          0   handlers.o
        36          8          0          0          0         68   init.o

    ----------------------------------------------------------------------
      2048         96       1148          0          0      26244   Library Totals
        12          0          0          0          0          0   (incl. Padding)

    ----------------------------------------------------------------------

      Code (inc. data)   RO Data    RW Data    ZI Data      Debug   Library Name

      1950         80       1148          0          0      26176   driverlib.lib
        86         16          0          0          0         68   mc_w.l

    ----------------------------------------------------------------------
      2048         96       1148          0          0      26244   Library Totals

    ----------------------------------------------------------------------

==============================================================================


      Code (inc. data)   RO Data    RW Data    ZI Data      Debug   

      4420        878       1164          0        256      38224   Grand Totals
      4420        878       1164          0        256      38224   ELF Image Totals
      4420        878       1164          0          0          0   ROM Totals

==============================================================================

    Total RO  Size (Code + RO Data)                 5584 (   5.45kB)
    Total RW  Size (RW Data + ZI Data)               256 (   0.25kB)
    Total ROM Size (Code + RO Data + RW Data)       5584 (   5.45kB)

==============================================================================

