<html>
<body>
<pre>
<h1>µVision Build Log</h1>
<h2>Tool Versions:</h2>
IDE-Version: µVision V5.24.2.0
Copyright (C) 2017 ARM Ltd and ARM Germany GmbH. All rights reserved.
License Information: Matthew Matti, Lawrence Technological University, LIC=----
 
Tool Versions:
Toolchain:       MDK-Lite  Version: 5.24.1
Toolchain Path:  C:\Keil_v5\ARM\ARMCC\Bin
C Compiler:      Armcc.exe V5.06 update 5 (build 528)
Assembler:       Armasm.exe V5.06 update 5 (build 528)
Linker/Locator:  ArmLink.exe V5.06 update 5 (build 528)
Library Manager: ArmAr.exe V5.06 update 5 (build 528)
Hex Converter:   FromElf.exe V5.06 update 5 (build 528)
CPU DLL:         SARMCM3.DLL V5.24.1
Dialog DLL:      DCM.DLL V1.16.0.0
Target DLL:      lmidk-agdi.dll V???
Dialog DLL:      TCM.DLL V1.32.0.0
 
<h2>Project:</h2>
C:\Users\mmatti\Documents\GitHub\LabProject\project.uvprojx
Project File Date:  11/08/2017

<h2>Output:</h2>
*** Using Compiler 'V5.06 update 5 (build 528)', folder: 'C:\Keil_v5\ARM\ARMCC\Bin'
Rebuild target 'project'
creating preprocessor file for project.c...
assembling startup_rvmdk.S...
creating preprocessor file for ADC_helper.c...
creating preprocessor file for GPIO_helper.c...
compiling ADC_helper.c...
src\ADC_helper.h(36): warning:  #1-D: last line of file ends without a newline
  //extern struct ADC_Strings_FSRs StringAndFSR_values;
src\ADC_helper.c(82): warning:  #223-D: function "SetUpPWM0HZ" declared implicitly
  		SetUpPWM0HZ();
src\ADC_helper.c(91): warning:  #223-D: function "SetUpPWM82HZ" declared implicitly
  		SetUpPWM82HZ();
src\ADC_helper.c(101): warning:  #223-D: function "SetUpPWM87HZ" declared implicitly
  		SetUpPWM87HZ();
src\ADC_helper.c(112): warning:  #223-D: function "SetUpPWM92HZ" declared implicitly
  		SetUpPWM92HZ();
src\ADC_helper.c(121): warning:  #223-D: function "SetUpPWM98HZ" declared implicitly
  		SetUpPWM98HZ();
src\ADC_helper.c(130): warning:  #223-D: function "SetUpPWM104HZ" declared implicitly
  		SetUpPWM104HZ();
src\ADC_helper.c(139): warning:  #223-D: function "SetUpPWM110HZ" declared implicitly
  		SetUpPWM110HZ();
src\ADC_helper.c(148): warning:  #223-D: function "SetUpPWM117HZ" declared implicitly
  		SetUpPWM117HZ();
src\ADC_helper.c(157): warning:  #223-D: function "SetUpPWM123HZ" declared implicitly
  		SetUpPWM123HZ();
src\ADC_helper.c(166): warning:  #223-D: function "SetUpPWM131HZ" declared implicitly
  		SetUpPWM131HZ();
src\ADC_helper.c(175): warning:  #223-D: function "SetUpPWM139HZ" declared implicitly
  		SetUpPWM139HZ();
src\ADC_helper.c(184): warning:  #223-D: function "SetUpPWM147HZ" declared implicitly
  		SetUpPWM147HZ();
src\ADC_helper.c(193): warning:  #223-D: function "SetUpPWM156HZ" declared implicitly
  		SetUpPWM156HZ();
src\ADC_helper.c(202): warning:  #223-D: function "SetUpPWM165HZ" declared implicitly
  		SetUpPWM165HZ();
src\ADC_helper.c(211): warning:  #223-D: function "SetUpPWM175HZ" declared implicitly
  		SetUpPWM175HZ();
src\ADC_helper.c(220): warning:  #223-D: function "SetUpPWM185HZ" declared implicitly
  		SetUpPWM185HZ();
src\ADC_helper.c: 17 warnings, 0 errors
compiling GPIO_helper.c...
src\GPIO_helper.h(30): warning:  #1-D: last line of file ends without a newline
    void TurnOnLEDs2(void);
src\GPIO_helper.c(213): warning:  #1-D: last line of file ends without a newline
  			
src\GPIO_helper.c: 2 warnings, 0 errors
creating preprocessor file for PWM_helper.c...
creating preprocessor file for FSR2I2C.c...
compiling project.c...
driverlib/hibernate.h(229): warning:  #231-D: declaration is not visible outside of function
  extern void HibernateCalendarSet(struct tm *psTime);
driverlib/hibernate.h(230): warning:  #231-D: declaration is not visible outside of function
  extern int HibernateCalendarGet(struct tm *psTime);
driverlib/hibernate.h(231): warning:  #231-D: declaration is not visible outside of function
  extern void HibernateCalendarMatchSet(uint32_t ui32Index, struct tm *psTime);
driverlib/hibernate.h(232): warning:  #231-D: declaration is not visible outside of function
  extern void HibernateCalendarMatchGet(uint32_t ui32Index, struct tm *psTime);
./src/GPIO_helper.h(30): warning:  #1-D: last line of file ends without a newline
    void TurnOnLEDs2(void);
./src/ADC_helper.h(36): warning:  #1-D: last line of file ends without a newline
  //extern struct ADC_Strings_FSRs StringAndFSR_values;
project.c(39): warning:  #1-D: last line of file ends without a newline
  		}
project.c: 7 warnings, 0 errors
compiling FSR2I2C.c...
creating preprocessor file for uart_helper.c...
creating preprocessor file for I2C_helper.c...
compiling I2C_helper.c...
compiling PWM_helper.c...
compiling uart_helper.c...
src\uart_helper.c(123): warning:  #1-D: last line of file ends without a newline
  }
src\uart_helper.c: 1 warning, 0 errors
linking...
Program Size: Code=4420 RO-data=1164 RW-data=0 ZI-data=256  
FromELF: creating hex file...
After Build - User command #1: fromelf --bin --output .\rvmdk\project.bin .\rvmdk\project.axf
".\rvmdk\project.axf" - 0 Error(s), 27 Warning(s).

<h2>Software Packages used:</h2>

Package Vendor: ARM
                http://www.keil.com/pack/ARM.CMSIS.5.0.1.pack
                ARM.CMSIS.5.0.1
                CMSIS (Cortex Microcontroller Software Interface Standard)
   * Component: CORE Version: 5.0.1

Package Vendor: Keil
                http://www.keil.com/pack/Keil.TM4C_DFP.1.1.0.pack
                Keil.TM4C_DFP.1.1.0
                Texas Instruments Tiva C Series Device Support and Examples

<h2>Collection of Component include folders:</h2>
  .\RTE\_project
  C:\Keil_v5\ARM\PACK\ARM\CMSIS\5.0.1\CMSIS\Include
  C:\Keil_v5\ARM\PACK\Keil\TM4C_DFP\1.1.0\Device\Include\TM4C123

<h2>Collection of Component Files used:</h2>

   * Component: ARM::CMSIS:CORE:5.0.1
Build Time Elapsed:  00:00:03
</pre>
</body>
</html>
